[Licensing::Module] Trying to connect to existing licensing client channel...
Built from '6000.3/staging' branch; Version is '6000.3.17f1 (cf0352b38e81) revision 13566802'; Using compiler version '194234433'; Build Type 'Release'
[Licensing::IpcConnector] Successfully connected to: "LicenseClient-gimch" at "2026-09-16T13:51:11.239326Z"
OS: 'Windows 11  (10.0.26200) Professional' Language: 'ko' Physical Memory: 16232 MB
BatchMode: 1, IsHumanControllingUs: 0, StartBugReporterOnCrash: 0, Is64bit: 1
System  architecture: x64
Process architecture: x64
Date: 2026-09-16T13:51:11Z

COMMAND LINE ARGUMENTS:
C:\Program Files\Unity\Hub\Editor\6000.3.17f1\Editor\Unity.exe
-adb2
-batchMode
-noUpm
-name
AssetImportWorker7
-projectPath
C:/Users/gimch/Documents/GitHub/HanessTest/My project
-logFile
Logs/AssetImportWorker7.log
-srvPort
53714
-licensingIpc
LicenseClient-gimch
-job-worker-count
7
-background-job-worker-count
8
-gc-helper-count
1
-name
AssetImport
Successfully changed project path to: C:/Users/gimch/Documents/GitHub/HanessTest/My project
C:/Users/gimch/Documents/GitHub/HanessTest/My project
[UnityMemory] Configuration Parameters - Can be set up in boot.config
    "memorysetup-temp-allocator-size-nav-mesh-worker=65536"
    "memorysetup-temp-allocator-size-audio-worker=65536"
    "memorysetup-temp-allocator-size-gfx=262144"
    "memorysetup-allocator-temp-initial-block-size-main=262144"
    "memorysetup-allocator-temp-initial-block-size-worker=262144"
    "memorysetup-temp-allocator-size-background-worker=32768"
    "memorysetup-temp-allocator-size-job-worker=262144"
    "memorysetup-temp-allocator-size-preload-manager=33554432"
    "memorysetup-temp-allocator-size-gi-baking-worker=262144"
    "memorysetup-temp-allocator-size-gi-baking-worker=262144"
    "memorysetup-temp-allocator-size-gi-baking-worker=262144"
    "memorysetup-temp-allocator-size-gi-baking-worker=262144"
    "memorysetup-temp-allocator-size-gi-baking-worker=262144"
    "memorysetup-bucket-allocator-granularity=16"
    "memorysetup-bucket-allocator-bucket-count=8"
    "memorysetup-bucket-allocator-block-size=33554432"
    "memorysetup-bucket-allocator-block-count=8"
    "memorysetup-main-allocator-block-size=16777216"
    "memorysetup-thread-allocator-block-size=16777216"
    "memorysetup-gfx-main-allocator-block-size=16777216"
    "memorysetup-gfx-thread-allocator-block-size=16777216"
    "memorysetup-cache-allocator-block-size=4194304"
    "memorysetup-typetree-allocator-block-size=2097152"
    "memorysetup-profiler-bucket-allocator-granularity=16"
    "memorysetup-profiler-bucket-allocator-bucket-count=8"
    "memorysetup-profiler-bucket-allocator-block-size=33554432"
    "memorysetup-profiler-bucket-allocator-block-count=8"
    "memorysetup-profiler-allocator-block-size=16777216"
    "memorysetup-profiler-editor-allocator-block-size=1048576"
    "memorysetup-temp-allocator-size-main=16777216"
    "memorysetup-job-temp-allocator-block-size=2097152"
    "memorysetup-job-temp-allocator-block-size-background=1048576"
    "memorysetup-job-temp-allocator-reduction-small-platforms=262144"
    "memorysetup-temp-allocator-size-cloud-worker=32768"
Player connection [8716]  Target information:

Player connection [8716]  * "[IP] 49.142.53.194 [Port] 0 [Flags] 2 [Guid] 1597197945 [EditorId] 1597197945 [Version] 1048832 [Id] WindowsEditor(7,CHANBIN) [Debug] 1 [PackageName] WindowsEditor [ProjectName] Editor" 

Player connection [8716] Host joined multi-casting on [225.0.0.222:54997]...
Player connection [8716] Host joined alternative multi-casting on [225.0.0.222:34997]...
JobSystem: Creating JobQueue using job-worker-count value 7
Input System module state changed to: Initialized.
[Physics::Module] Initialized fallback backend.
[Physics::Module] Id: 0xdecafbad
Library Redirect Path: Library/
[Physics::Module] Selected backend.
[Physics::Module] Name: PhysX
[Physics::Module] Id: 0xf2b8ea05
[Physics::Module] SDK Version: 4.1.2
[Physics::Module] Integration Version: 1.0.0
[Physics::Module] Threading Mode: Multi-Threaded
Refreshing native plugins compatible for Editor in 18.19 ms, found 9 plugins.
Preloading 1 native plugins for Editor in 1.66 ms.
Initialize engine version: 6000.3.17f1 (cf0352b38e81)
[Subsystems] Discovering subsystems at path C:/Program Files/Unity/Hub/Editor/6000.3.17f1/Editor/Data/Resources/UnitySubsystems
[Subsystems] Discovering subsystems at path C:/Users/gimch/Documents/GitHub/HanessTest/My project/Assets
GfxDevice: creating device client; kGfxThreadingModeNonThreaded
d3d12: failed to query info queue interface (0x80004002).
Direct3D:
    Version:         Direct3D 12 [level 12.2]
    Renderer:        NVIDIA GeForce RTX 3060 (ID=0x2504)
    Vendor:          NVIDIA
    VRAM:            12115 MB
    App VRAM Budget: 11347 MB
    Driver:          32.0.15.6094
Initialize mono
Mono path[0] = 'C:/Program Files/Unity/Hub/Editor/6000.3.17f1/Editor/Data/Managed'
Mono path[1] = 'C:/Program Files/Unity/Hub/Editor/6000.3.17f1/Editor/Data/MonoBleedingEdge/lib/mono/unityjit-win32'
Mono config path = 'C:/Program Files/Unity/Hub/Editor/6000.3.17f1/Editor/Data/MonoBleedingEdge/etc'
Using monoOptions --debugger-agent=transport=dt_socket,embedding=1,server=y,suspend=n,address=127.0.0.1:56508
Begin MonoManager ReloadAssembly
Registering precompiled unity dll's ...
Register platform support module: C:/Program Files/Unity/Hub/Editor/6000.3.17f1/Editor/Data/PlaybackEngines/WindowsStandaloneSupport/UnityEditor.WindowsStandalone.Extensions.dll
[Licensing::Module] Licensing is not yet initialized.
[Licensing::Client] Error: HandshakeResponse reported an error:
	ResponseCode: 505
	ResponseStatus: Unsupported protocol version '1.18.1'.
[Licensing::Module] Error: Failed to handshake to channel: "LicenseClient-gimch"
[Licensing::IpcConnector] LicenseClient-gimch channel disconnected successfully.
[Licensing::IpcConnector] Successfully connected to: "LicenseClient-gimch-6000.3.17" at "2026-09-16T13:51:13.7043958Z"
[Licensing::Client] Code 10 while verifying Licensing Client signature (process Id: 1876, path: "C:/Program Files/Unity/Hub/Editor/6000.3.17f1/Editor/Data/Resources/Licensing/Client/Unity.Licensing.Client.exe")
[Licensing::Module] LicensingClient has failed validation; ignoring
[Licensing::Client] Handshaking with LicensingClient:
  Version:                 1.18.1+9fbee8e
  Session Id:              9edd8438e5314059a7eb34f4a7dc2e90
  Correlation Id:          8c500b4af5a589741d69b78407bc226a
  External correlation Id: 1671680298277002983
  Machine Id:              KrNS+X8tESWlg/RUg6sq3F0RFxo=
[Licensing::Module] Successfully connected to LicensingClient on channel: "LicenseClient-gimch-6000.3.17" (connect: 0.00s, validation: 0.00s, handshake: 0.01s)
[Licensing::IpcConnector] Successfully connected to: "LicenseClient-gimch-6000.3.17-notifications" at "2026-09-16T13:51:13.7142843Z"
[Licensing::Module] Licensing Background thread has ended after 2.48s
[Licensing::Module] Licensing is initialized (took 1.13s).
[Licensing::Client] Successfully resolved entitlement details
[Licensing::Module] License group:
  Id: 14568713557572-UnityPersXXXX
  Product: Unity Personal
  Type: Assigned
  Expiration: Unlimited
Register platform support module: C:/Program Files/Unity/Hub/Editor/6000.3.17f1/Editor/Data/PlaybackEngines/AndroidPlayer/UnityEditor.Android.Extensions.dll
Registered in 1.138318 seconds.
- Loaded All Assemblies, in  1.598 seconds
Native extension for Android target not found
Native extension for WindowsStandalone target not found
Package Manager log level set to [2]
[Package Manager] Failed to launch server process. Reason: Unity was launched with the -noUpm command-line argument
[Package Manager] Unable to send message (not connected to server process).
[Package Manager] Cannot connect to Unity Package Manager local server
ScheduleIndexationOnStartup MainProcess:False IndexOnStartup:True
Mono: successfully reloaded assembly
- Finished resetting the current domain, in  0.418 seconds
Domain Reload Profiling: 2015ms
	BeginReloadAssembly (182ms)
		ExecutionOrderSort (0ms)
		DisableScriptedObjects (0ms)
		BackupInstance (0ms)
		ReleaseScriptingObjects (0ms)
		CreateAndSetChildDomain (1ms)
	RebuildCommonClasses (38ms)
	RebuildNativeTypeToScriptingClass (12ms)
	initialDomainReloadingComplete (1183ms)
	LoadAllAssembliesAndSetupDomain (181ms)
		LoadAssemblies (181ms)
		RebuildTransferFunctionScriptingTraits (0ms)
		AnalyzeDomain (177ms)
			TypeCache.Refresh (175ms)
				TypeCache.ScanAssembly (160ms)
			BuildScriptInfoCaches (0ms)
			ResolveRequiredComponents (1ms)
	FinalizeReload (418ms)
		ReleaseScriptCaches (0ms)
		RebuildScriptCaches (0ms)
		SetupLoadedEditorAssemblies (358ms)
			LogAssemblyErrors (0ms)
			InitializePlatformSupportModulesInManaged (55ms)
			SetLoadedEditorAssemblies (4ms)
			BeforeProcessingInitializeOnLoad (82ms)
			ProcessInitializeOnLoadAttributes (132ms)
			ProcessInitializeOnLoadMethodAttributes (85ms)
			AfterProcessingInitializeOnLoad (0ms)
			EditorAssembliesLoaded (0ms)
		ExecutionOrderSort2 (0ms)
		AwakeInstancesAfterBackupRestoration (0ms)
========================================================================
Worker process is ready to serve import requests
Import Worker Mode flag is 0x00
Begin MonoManager ReloadAssembly
[Licensing::Client] Successfully resolved entitlement details
Symbol file LoadedFromMemory is not a mono symbol file
- Loaded All Assemblies, in  1.523 seconds
Refreshing native plugins compatible for Editor in 33.81 ms, found 9 plugins.
Native extension for Android target not found
Native extension for WindowsStandalone target not found
[Package Manager] Failed to launch server process. Reason: Unity was launched with the -noUpm command-line argument
[Package Manager] Unable to send message (not connected to server process).
[Package Manager] Cannot connect to Unity Package Manager local server
Refreshing native plugins compatible for Editor in 40.76 ms, found 9 plugins.
[Package Manager] Failed to launch server process. Reason: Unity was launched with the -noUpm command-line argument
[Package Manager] Unable to send message (not connected to server process).
[Package Manager] Cannot connect to Unity Package Manager local server
System.Exception: Error! Visual Scripting: couldn't find visual scripting package
  at Unity.VisualScripting.PackageVersionUtility.get_version () [0x00043] in .\Library\PackageCache\com.unity.visualscripting@8bed5ad90189\Editor\VisualScripting.Core\Utilities\PackageVersionUtility.cs:31 
  at Unity.VisualScripting.BoltCoreManifest.get_version () [0x00000] in .\Library\PackageCache\com.unity.visualscripting@8bed5ad90189\Editor\VisualScripting.Core\Plugin\BoltCoreManifest.cs:11 
  at Unity.VisualScripting.PluginManifest.get_currentVersion () [0x00000] in .\Library\PackageCache\com.unity.visualscripting@8bed5ad90189\Editor\VisualScripting.Core\Plugins\PluginManifest.cs:33 
  at Unity.VisualScripting.PluginManifest.get_versionMismatch () [0x00000] in .\Library\PackageCache\com.unity.visualscripting@8bed5ad90189\Editor\VisualScripting.Core\Plugins\PluginManifest.cs:48 
  at Unity.VisualScripting.PluginContainer.Initialize () [0x00525] in .\Library\PackageCache\com.unity.visualscripting@8bed5ad90189\Editor\VisualScripting.Core\Plugins\PluginContainer.cs:208 
  at Unity.VisualScripting.PluginContainer.InitializeOnLoad () [0x00009] in .\Library\PackageCache\com.unity.visualscripting@8bed5ad90189\Editor\VisualScripting.Core\Plugins\PluginContainer.cs:32 
  at Unity.VisualScripting.VSUsageUtility.DoInitializeOnLoadCalls () [0x00034] in .\Library\PackageCache\com.unity.visualscripting@8bed5ad90189\Editor\VisualScripting.Core\Utilities\VSUsageUtility.cs:76 
  at Unity.VisualScripting.VSUsageUtility.set_isVisualScriptingUsed (System.Boolean value) [0x0002c] in .\Library\PackageCache\com.unity.visualscripting@8bed5ad90189\Editor\VisualScripting.Core\Utilities\VSUsageUtility.cs:114 
  at Unity.VisualScripting.VSUsageUtility.CheckAndSetIsVisualScriptingUsed () [0x00032] in .\Library\PackageCache\com.unity.visualscripting@8bed5ad90189\Editor\VisualScripting.Core\Utilities\VSUsageUtility.cs:48 
  at Unity.VisualScripting.VSUsageUtility..cctor () [0x00000] in .\Library\PackageCache\com.unity.visualscripting@8bed5ad90189\Editor\VisualScripting.Core\Utilities\VSUsageUtility.cs:22 
UnityEngine.Debug:ExtractStackTraceNoAlloc (byte*,int,string)
UnityEngine.StackTraceUtility:ExtractStackTrace ()
UnityEngine.DebugLogHandler:Internal_Log (UnityEngine.LogType,UnityEngine.LogOption,string,UnityEngine.Object)
UnityEngine.DebugLogHandler:LogFormat (UnityEngine.LogType,UnityEngine.Object,string,object[])
UnityEngine.Logger:Log (UnityEngine.LogType,object)
UnityEngine.Debug:LogError (object)
UnityEditor.EditorAssemblies:ProcessInitializeOnLoadAttributes (System.Type[])

ScheduleIndexationOnStartup MainProcess:False IndexOnStartup:True
Mono: successfully reloaded assembly
- Finished resetting the current domain, in  2.092 seconds
Domain Reload Profiling: 3604ms
	BeginReloadAssembly (203ms)
		ExecutionOrderSort (0ms)
		DisableScriptedObjects (5ms)
		BackupInstance (0ms)
		ReleaseScriptingObjects (0ms)
		CreateAndSetChildDomain (26ms)
	RebuildCommonClasses (39ms)
	RebuildNativeTypeToScriptingClass (13ms)
	initialDomainReloadingComplete (42ms)
	LoadAllAssembliesAndSetupDomain (1215ms)
		LoadAssemblies (869ms)
		RebuildTransferFunctionScriptingTraits (0ms)
		AnalyzeDomain (474ms)
			TypeCache.Refresh (328ms)
				TypeCache.ScanAssembly (298ms)
			BuildScriptInfoCaches (128ms)
			ResolveRequiredComponents (12ms)
	FinalizeReload (2093ms)
		ReleaseScriptCaches (0ms)
		RebuildScriptCaches (0ms)
		SetupLoadedEditorAssemblies (1856ms)
			LogAssemblyErrors (0ms)
			InitializePlatformSupportModulesInManaged (8ms)
			SetLoadedEditorAssemblies (7ms)
			BeforeProcessingInitializeOnLoad (214ms)
			ProcessInitializeOnLoadAttributes (1286ms)
			ProcessInitializeOnLoadMethodAttributes (333ms)
			AfterProcessingInitializeOnLoad (6ms)
			EditorAssembliesLoaded (1ms)
		ExecutionOrderSort2 (0ms)
		AwakeInstancesAfterBackupRestoration (8ms)
WARNING: Shader Unsupported: 'Spine/Outline/SkeletonGraphic' - All subshaders removed
WARNING: Shader Did you use #pragma only_renderers and omit this platform?
WARNING: Shader If subshaders removal was intentional, you may have forgotten turning Fallback off?
WARNING: Shader Unsupported: 'Spine/Outline/SkeletonGraphic' - All subshaders removed
WARNING: Shader Did you use #pragma only_renderers and omit this platform?
WARNING: Shader If subshaders removal was intentional, you may have forgotten turning Fallback off?
WARNING: Shader Unsupported: 'Spine/Outline/Special/Skeleton Grayscale' - All subshaders removed
WARNING: Shader Did you use #pragma only_renderers and omit this platform?
WARNING: Shader If subshaders removal was intentional, you may have forgotten turning Fallback off?
WARNING: Shader Unsupported: 'Spine/Outline/Special/Skeleton Grayscale' - All subshaders removed
WARNING: Shader Did you use #pragma only_renderers and omit this platform?
WARNING: Shader If subshaders removal was intentional, you may have forgotten turning Fallback off?
WARNING: Shader Unsupported: 'Spine/Outline/Sprite/Vertex Lit' - All subshaders removed
WARNING: Shader Did you use #pragma only_renderers and omit this platform?
WARNING: Shader If subshaders removal was intentional, you may have forgotten turning Fallback off?
WARNING: Shader Unsupported: 'Spine/Outline/Sprite/Vertex Lit' - All subshaders removed
WARNING: Shader Did you use #pragma only_renderers and omit this platform?
WARNING: Shader If subshaders removal was intentional, you may have forgotten turning Fallback off?
WARNING: Shader Unsupported: 'Spine/Outline/SkeletonGraphic Tint Black' - All subshaders removed
WARNING: Shader Did you use #pragma only_renderers and omit this platform?
WARNING: Shader If subshaders removal was intentional, you may have forgotten turning Fallback off?
WARNING: Shader Unsupported: 'Spine/Outline/SkeletonGraphic Tint Black' - All subshaders removed
WARNING: Shader Did you use #pragma only_renderers and omit this platform?
WARNING: Shader If subshaders removal was intentional, you may have forgotten turning Fallback off?
WARNING: Shader Unsupported: 'Spine/Outline/Skeleton Lit ZWrite' - All subshaders removed
WARNING: Shader Did you use #pragma only_renderers and omit this platform?
WARNING: Shader If subshaders removal was intentional, you may have forgotten turning Fallback off?
WARNING: Shader Unsupported: 'Spine/Outline/Skeleton Lit ZWrite' - All subshaders removed
WARNING: Shader Did you use #pragma only_renderers and omit this platform?
WARNING: Shader If subshaders removal was intentional, you may have forgotten turning Fallback off?
WARNING: Shader Unsupported: 'Spine/Outline/Skeleton Fill' - All subshaders removed
WARNING: Shader Did you use #pragma only_renderers and omit this platform?
WARNING: Shader If subshaders removal was intentional, you may have forgotten turning Fallback off?
WARNING: Shader Unsupported: 'Spine/Outline/Skeleton Fill' - All subshaders removed
WARNING: Shader Did you use #pragma only_renderers and omit this platform?
WARNING: Shader If subshaders removal was intentional, you may have forgotten turning Fallback off?
WARNING: Shader Unsupported: 'Spine/Outline/Blend Modes/Skeleton PMA Additive' - All subshaders removed
WARNING: Shader Did you use #pragma only_renderers and omit this platform?
WARNING: Shader If subshaders removal was intentional, you may have forgotten turning Fallback off?
WARNING: Shader Unsupported: 'Spine/Outline/Blend Modes/Skeleton PMA Additive' - All subshaders removed
WARNING: Shader Did you use #pragma only_renderers and omit this platform?
WARNING: Shader If subshaders removal was intentional, you may have forgotten turning Fallback off?
WARNING: Shader Unsupported: 'Spine/Outline/Skeleton Lit' - All subshaders removed
WARNING: Shader Did you use #pragma only_renderers and omit this platform?
WARNING: Shader If subshaders removal was intentional, you may have forgotten turning Fallback off?
WARNING: Shader Unsupported: 'Spine/Outline/Skeleton Lit' - All subshaders removed
WARNING: Shader Did you use #pragma only_renderers and omit this platform?
WARNING: Shader If subshaders removal was intentional, you may have forgotten turning Fallback off?
WARNING: Shader Unsupported: 'Spine/Outline/Sprite/Unlit' - All subshaders removed
WARNING: Shader Did you use #pragma only_renderers and omit this platform?
WARNING: Shader If subshaders removal was intentional, you may have forgotten turning Fallback off?
WARNING: Shader Unsupported: 'Spine/Outline/Sprite/Unlit' - All subshaders removed
WARNING: Shader Did you use #pragma only_renderers and omit this platform?
WARNING: Shader If subshaders removal was intentional, you may have forgotten turning Fallback off?
WARNING: Shader Unsupported: 'Spine/Outline/Skeleton Tint' - All subshaders removed
WARNING: Shader Did you use #pragma only_renderers and omit this platform?
WARNING: Shader If subshaders removal was intentional, you may have forgotten turning Fallback off?
WARNING: Shader Unsupported: 'Spine/Outline/Skeleton Tint' - All subshaders removed
WARNING: Shader Did you use #pragma only_renderers and omit this platform?
WARNING: Shader If subshaders removal was intentional, you may have forgotten turning Fallback off?
WARNING: Shader Unsupported: 'Spine/Outline/Sprite/Pixel Lit' - All subshaders removed
WARNING: Shader Did you use #pragma only_renderers and omit this platform?
WARNING: Shader If subshaders removal was intentional, you may have forgotten turning Fallback off?
WARNING: Shader Unsupported: 'Spine/Outline/Sprite/Pixel Lit' - All subshaders removed
WARNING: Shader Did you use #pragma only_renderers and omit this platform?
WARNING: Shader If subshaders removal was intentional, you may have forgotten turning Fallback off?
WARNING: Shader Unsupported: 'Spine/Outline/Skeleton' - All subshaders removed
WARNING: Shader Did you use #pragma only_renderers and omit this platform?
WARNING: Shader If subshaders removal was intentional, you may have forgotten turning Fallback off?
WARNING: Shader Unsupported: 'Spine/Outline/Skeleton' - All subshaders removed
WARNING: Shader Did you use #pragma only_renderers and omit this platform?
WARNING: Shader If subshaders removal was intentional, you may have forgotten turning Fallback off?
WARNING: Shader Unsupported: 'Spine/Outline/Blend Modes/Skeleton PMA Screen' - All subshaders removed
WARNING: Shader Did you use #pragma only_renderers and omit this platform?
WARNING: Shader If subshaders removal was intentional, you may have forgotten turning Fallback off?
WARNING: Shader Unsupported: 'Spine/Outline/Blend Modes/Skeleton PMA Screen' - All subshaders removed
WARNING: Shader Did you use #pragma only_renderers and omit this platform?
WARNING: Shader If subshaders removal was intentional, you may have forgotten turning Fallback off?
WARNING: Shader Unsupported: 'Spine/Outline/Skeleton Tint Black' - All subshaders removed
WARNING: Shader Did you use #pragma only_renderers and omit this platform?
WARNING: Shader If subshaders removal was intentional, you may have forgotten turning Fallback off?
WARNING: Shader Unsupported: 'Spine/Outline/Skeleton Tint Black' - All subshaders removed
WARNING: Shader Did you use #pragma only_renderers and omit this platform?
WARNING: Shader If subshaders removal was intentional, you may have forgotten turning Fallback off?
WARNING: Shader Unsupported: 'Spine/Outline/Blend Modes/Skeleton PMA Multiply' - All subshaders removed
WARNING: Shader Did you use #pragma only_renderers and omit this platform?
WARNING: Shader If subshaders removal was intentional, you may have forgotten turning Fallback off?
WARNING: Shader Unsupported: 'Spine/Outline/Blend Modes/Skeleton PMA Multiply' - All subshaders removed
WARNING: Shader Did you use #pragma only_renderers and omit this platform?
WARNING: Shader If subshaders removal was intentional, you may have forgotten turning Fallback off?
Launched and connected shader compiler UnityShaderCompiler.exe after 0.02 seconds
Refreshing native plugins compatible for Editor in 10.22 ms, found 9 plugins.
Preloading 1 native plugins for Editor in 0.09 ms.
Unloading 31 Unused Serialized files (Serialized files now loaded: 0)
Unloading 11440 unused Assets / (10.8 MB). Loaded Objects now: 12302.
Memory consumption went from 224.0 MB to 213.2 MB.
Total: 30.646300 ms (FindLiveObjects: 2.085200 ms CreateObjectMapping: 1.150500 ms MarkObjects: 20.515400 ms  DeleteObjects: 6.893100 ms)

========================================================================
Received Import Request.
  Time since last request: 25223.739337 seconds.
  path: Assets/Dungeon Crawler 2D Art Pack/Sprites/Monsters/Boss/BossFront/Idle/Monster3Front-Idle_8.png
  artifactKey: Guid(892a6b5fb1371bd49960f7870a4f5ce3) Importer(815301076,1909f56bfc062723c751e8b465ee728b)
Start importing Assets/Dungeon Crawler 2D Art Pack/Sprites/Monsters/Boss/BossFront/Idle/Monster3Front-Idle_8.png using Guid(892a6b5fb1371bd49960f7870a4f5ce3) Importer(815301076,1909f56bfc062723c751e8b465ee728b) (PreviewImporter) -> (artifact id: 'a950ae4974a8cebc0421ae5fb5ed9ec7') in 0.1056304 seconds
Number of updated asset objects reloaded before import = 0Number of asset objects unloaded after import = 3

========================================================================
Received Import Request.
  Time since last request: 0.000021 seconds.
  path: Assets/Dungeon Crawler 2D Art Pack/Sprites/Monsters/Boss/BossFront/Run/Monster3Front-Run_19.png
  artifactKey: Guid(1cd0b3fe53c68514f8606e2ea76a0f5f) Importer(815301076,1909f56bfc062723c751e8b465ee728b)
Start importing Assets/Dungeon Crawler 2D Art Pack/Sprites/Monsters/Boss/BossFront/Run/Monster3Front-Run_19.png using Guid(1cd0b3fe53c68514f8606e2ea76a0f5f) Importer(815301076,1909f56bfc062723c751e8b465ee728b) (PreviewImporter) -> (artifact id: 'af9c11a4af065fc52dc565cfa738efa1') in 0.0228205 seconds
Number of updated asset objects reloaded before import = 0Number of asset objects unloaded after import = 3

========================================================================
Received Import Request.
  Time since last request: 0.000026 seconds.
  path: Assets/Dungeon Crawler 2D Art Pack/Sprites/Monsters/Boss/BossFront/Hit/Monster3Front-Hit_0.png
  artifactKey: Guid(dffea12100854bf45aa36cb84326457b) Importer(815301076,1909f56bfc062723c751e8b465ee728b)
Start importing Assets/Dungeon Crawler 2D Art Pack/Sprites/Monsters/Boss/BossFront/Hit/Monster3Front-Hit_0.png using Guid(dffea12100854bf45aa36cb84326457b) Importer(815301076,1909f56bfc062723c751e8b465ee728b) (PreviewImporter) -> (artifact id: '9989e09fb613a97b49213949fbecbd3a') in 0.0384386 seconds
Number of updated asset objects reloaded before import = 0Number of asset objects unloaded after import = 3

========================================================================
Received Import Request.
  Time since last request: 0.000033 seconds.
  path: Assets/Dungeon Crawler 2D Art Pack/Sprites/Monsters/Boss/BossFront/Death/Monster3Front-Death_6.png
  artifactKey: Guid(761a9bca0d4ede34ab2d47cde98f5214) Importer(815301076,1909f56bfc062723c751e8b465ee728b)
Start importing Assets/Dungeon Crawler 2D Art Pack/Sprites/Monsters/Boss/BossFront/Death/Monster3Front-Death_6.png using Guid(761a9bca0d4ede34ab2d47cde98f5214) Importer(815301076,1909f56bfc062723c751e8b465ee728b) (PreviewImporter) -> (artifact id: '0ab481b56c6d30be085de60687fa3bc3') in 0.0227577 seconds
Number of updated asset objects reloaded before import = 0Number of asset objects unloaded after import = 3

========================================================================
Received Import Request.
  Time since last request: 0.000039 seconds.
  path: Assets/Dungeon Crawler 2D Art Pack/Sprites/Monsters/Boss/BossLeft/Attack/Monster3Left-Attack_15.png
  artifactKey: Guid(ab80507c7104d504b9be7df3ce37ad37) Importer(815301076,1909f56bfc062723c751e8b465ee728b)
Start importing Assets/Dungeon Crawler 2D Art Pack/Sprites/Monsters/Boss/BossLeft/Attack/Monster3Left-Attack_15.png using Guid(ab80507c7104d504b9be7df3ce37ad37) Importer(815301076,1909f56bfc062723c751e8b465ee728b) (PreviewImporter) -> (artifact id: 'a052be1c8b59f004c5b424209b0f6f6c') in 0.0224748 seconds
Number of updated asset objects reloaded before import = 0Number of asset objects unloaded after import = 3

========================================================================
Received Import Request.
  Time since last request: 0.000017 seconds.
  path: Assets/Dungeon Crawler 2D Art Pack/Sprites/Monsters/Boss/BossFront/Death/Monster3Front-Death_16.png
  artifactKey: Guid(86053ebeb72192a4e8c3b4ef6496e8d7) Importer(815301076,1909f56bfc062723c751e8b465ee728b)
Start importing Assets/Dungeon Crawler 2D Art Pack/Sprites/Monsters/Boss/BossFront/Death/Monster3Front-Death_16.png using Guid(86053ebeb72192a4e8c3b4ef6496e8d7) Importer(815301076,1909f56bfc062723c751e8b465ee728b) (PreviewImporter) -> (artifact id: '09ba3ffb4663c1b550746c755134da50') in 0.0211991 seconds
Number of updated asset objects reloaded before import = 0Number of asset objects unloaded after import = 3

========================================================================
Received Import Request.
  Time since last request: 0.000016 seconds.
  path: Assets/Dungeon Crawler 2D Art Pack/Sprites/Monsters/Boss/BossFront/Attack/Monster3Front-Attack_16.png
  artifactKey: Guid(5b2f418c3ffaeb74eb0d62444ce9f652) Importer(815301076,1909f56bfc062723c751e8b465ee728b)
Start importing Assets/Dungeon Crawler 2D Art Pack/Sprites/Monsters/Boss/BossFront/Attack/Monster3Front-Attack_16.png using Guid(5b2f418c3ffaeb74eb0d62444ce9f652) Importer(815301076,1909f56bfc062723c751e8b465ee728b) (PreviewImporter) -> (artifact id: 'f66a8e924dfcd5c4dbee8f04c4b27be9') in 0.0222942 seconds
Number of updated asset objects reloaded before import = 0Number of asset objects unloaded after import = 3

========================================================================
Received Import Request.
  Time since last request: 0.000017 seconds.
  path: Assets/Dungeon Crawler 2D Art Pack/Sprites/Monsters/Boss/BossBack/Idle/Monster3Back-Idle_32.png
  artifactKey: Guid(61b17054d84971841a09669d1d90ed0e) Importer(815301076,1909f56bfc062723c751e8b465ee728b)
Start importing Assets/Dungeon Crawler 2D Art Pack/Sprites/Monsters/Boss/BossBack/Idle/Monster3Back-Idle_32.png using Guid(61b17054d84971841a09669d1d90ed0e) Importer(815301076,1909f56bfc062723c751e8b465ee728b) (PreviewImporter) -> (artifact id: 'fe51f2ed9289370fd80d6cab00ed3f31') in 0.0204715 seconds
Number of updated asset objects reloaded before import = 0Number of asset objects unloaded after import = 3

========================================================================
Received Import Request.
  Time since last request: 0.000020 seconds.
  path: Assets/Dungeon Crawler 2D Art Pack/Sprites/Monsters/Boss/BossFront/Attack/Monster3Front-Attack_15.png
  artifactKey: Guid(5005bc213e5df6142b95776fb3fd6c7b) Importer(815301076,1909f56bfc062723c751e8b465ee728b)
Start importing Assets/Dungeon Crawler 2D Art Pack/Sprites/Monsters/Boss/BossFront/Attack/Monster3Front-Attack_15.png using Guid(5005bc213e5df6142b95776fb3fd6c7b) Importer(815301076,1909f56bfc062723c751e8b465ee728b) (PreviewImporter) -> (artifact id: '13de36509ed3349d263aebab12c25cb7') in 0.0208786 seconds
Number of updated asset objects reloaded before import = 0Number of asset objects unloaded after import = 3

========================================================================
Received Import Request.
  Time since last request: 0.000028 seconds.
  path: Assets/Dungeon Crawler 2D Art Pack/Sprites/Monsters/Boss/BossBack/Hit/Monster3Back-Hit_7.png
  artifactKey: Guid(e005ffc255d03e44cb86738842f55e2c) Importer(815301076,1909f56bfc062723c751e8b465ee728b)
Start importing Assets/Dungeon Crawler 2D Art Pack/Sprites/Monsters/Boss/BossBack/Hit/Monster3Back-Hit_7.png using Guid(e005ffc255d03e44cb86738842f55e2c) Importer(815301076,1909f56bfc062723c751e8b465ee728b) (PreviewImporter) -> (artifact id: '46a9115f123ba291dc54e55cabd2a5c1') in 0.0195359 seconds
Number of updated asset objects reloaded before import = 0Number of asset objects unloaded after import = 3

========================================================================
Received Import Request.
  Time since last request: 0.000018 seconds.
  path: Assets/Dungeon Crawler 2D Art Pack/Sprites/Monsters/Boss/BossBack/Run/Monster3Back-Run_1.png
  artifactKey: Guid(674bb50ad16d6094b927bd15a68fddc8) Importer(815301076,1909f56bfc062723c751e8b465ee728b)
Start importing Assets/Dungeon Crawler 2D Art Pack/Sprites/Monsters/Boss/BossBack/Run/Monster3Back-Run_1.png using Guid(674bb50ad16d6094b927bd15a68fddc8) Importer(815301076,1909f56bfc062723c751e8b465ee728b) (PreviewImporter) -> (artifact id: '20deaedc7dfab83cd4caae6a3168078a') in 0.0247694 seconds
Number of updated asset objects reloaded before import = 0Number of asset objects unloaded after import = 3

========================================================================
Received Import Request.
  Time since last request: 0.000018 seconds.
  path: Assets/Dungeon Crawler 2D Art Pack/Sprites/Monsters/Boss/BossLeft/Idle/Monster3Left-Idle_4.png
  artifactKey: Guid(a2c288fa7489e074d9a67b938a719c7e) Importer(815301076,1909f56bfc062723c751e8b465ee728b)
Start importing Assets/Dungeon Crawler 2D Art Pack/Sprites/Monsters/Boss/BossLeft/Idle/Monster3Left-Idle_4.png using Guid(a2c288fa7489e074d9a67b938a719c7e) Importer(815301076,1909f56bfc062723c751e8b465ee728b) (PreviewImporter) -> (artifact id: 'f852c2763aa24dd8b90feea9d357d682') in 0.0180659 seconds
Number of updated asset objects reloaded before import = 0Number of asset objects unloaded after import = 3

========================================================================
Received Import Request.
  Time since last request: 0.000017 seconds.
  path: Assets/Dungeon Crawler 2D Art Pack/Sprites/Monsters/Boss/BossBack/Idle/Monster3Back-Idle_30.png
  artifactKey: Guid(ad48fb98ea2706b4b881a2a90bffa464) Importer(815301076,1909f56bfc062723c751e8b465ee728b)
Start importing Assets/Dungeon Crawler 2D Art Pack/Sprites/Monsters/Boss/BossBack/Idle/Monster3Back-Idle_30.png using Guid(ad48fb98ea2706b4b881a2a90bffa464) Importer(815301076,1909f56bfc062723c751e8b465ee728b) (PreviewImporter) -> (artifact id: '1aa0b7c97628cf6df7ace959e3462353') in 0.0223475 seconds
Number of updated asset objects reloaded before import = 0Number of asset objects unloaded after import = 3

========================================================================
Received Import Request.
  Time since last request: 0.000020 seconds.
  path: Assets/Dungeon Crawler 2D Art Pack/Sprites/Monsters/Boss/BossLeft/Run/Monster3Left-Run_1.png
  artifactKey: Guid(bffb9d06a6f650a4b9959ff288826436) Importer(815301076,1909f56bfc062723c751e8b465ee728b)
Start importing Assets/Dungeon Crawler 2D Art Pack/Sprites/Monsters/Boss/BossLeft/Run/Monster3Left-Run_1.png using Guid(bffb9d06a6f650a4b9959ff288826436) Importer(815301076,1909f56bfc062723c751e8b465ee728b) (PreviewImporter) -> (artifact id: 'd44e444ac444bbb728b1dce09965ce38') in 0.0258528 seconds
Number of updated asset objects reloaded before import = 0Number of asset objects unloaded after import = 3

========================================================================
Received Import Request.
  Time since last request: 0.000025 seconds.
  path: Assets/Dungeon Crawler 2D Art Pack/Sprites/Monsters/Boss/BossLeft/Idle/Monster3Left-Idle_0.png
  artifactKey: Guid(3c41296e973d0db47b2a6717d57fa667) Importer(815301076,1909f56bfc062723c751e8b465ee728b)
Start importing Assets/Dungeon Crawler 2D Art Pack/Sprites/Monsters/Boss/BossLeft/Idle/Monster3Left-Idle_0.png using Guid(3c41296e973d0db47b2a6717d57fa667) Importer(815301076,1909f56bfc062723c751e8b465ee728b) (PreviewImporter) -> (artifact id: '49dfb70bc10043aeda0a41031daf0188') in 0.0192266 seconds
Number of updated asset objects reloaded before import = 0Number of asset objects unloaded after import = 3

========================================================================
Received Import Request.
  Time since last request: 0.000017 seconds.
  path: Assets/Dungeon Crawler 2D Art Pack/Sprites/Monsters/Boss/BossFront/Attack/Monster3Front-Attack_19.png
  artifactKey: Guid(e524c78755a1c5f4bae4df2da74b1e86) Importer(815301076,1909f56bfc062723c751e8b465ee728b)
Start importing Assets/Dungeon Crawler 2D Art Pack/Sprites/Monsters/Boss/BossFront/Attack/Monster3Front-Attack_19.png using Guid(e524c78755a1c5f4bae4df2da74b1e86) Importer(815301076,1909f56bfc062723c751e8b465ee728b) (PreviewImporter) -> (artifact id: 'f3c781b16cedef5ef2c6ac7b31207bba') in 0.0223251 seconds
Number of updated asset objects reloaded before import = 0Number of asset objects unloaded after import = 3

========================================================================
Received Import Request.
  Time since last request: 0.000018 seconds.
  path: Assets/Dungeon Crawler 2D Art Pack/Sprites/Monsters/Boss/BossBack/Death/Monster3Back-Death_7.png
  artifactKey: Guid(e986a152f0dab6941b98b1b4f734a0cb) Importer(815301076,1909f56bfc062723c751e8b465ee728b)
Start importing Assets/Dungeon Crawler 2D Art Pack/Sprites/Monsters/Boss/BossBack/Death/Monster3Back-Death_7.png using Guid(e986a152f0dab6941b98b1b4f734a0cb) Importer(815301076,1909f56bfc062723c751e8b465ee728b) (PreviewImporter) -> (artifact id: '767bd306a910465ce848e5d118a174ae') in 0.0234939 seconds
Number of updated asset objects reloaded before import = 0Number of asset objects unloaded after import = 3

========================================================================
Received Import Request.
  Time since last request: 0.000017 seconds.
  path: Assets/Dungeon Crawler 2D Art Pack/Sprites/Monsters/Flying Monster/Front/Idle/Monster2Right-Idle_23.png
  artifactKey: Guid(d7996c507adc0f440bb31e1d9cf6087f) Importer(815301076,1909f56bfc062723c751e8b465ee728b)
Start importing Assets/Dungeon Crawler 2D Art Pack/Sprites/Monsters/Flying Monster/Front/Idle/Monster2Right-Idle_23.png using Guid(d7996c507adc0f440bb31e1d9cf6087f) Importer(815301076,1909f56bfc062723c751e8b465ee728b) (PreviewImporter) -> (artifact id: 'af233aebb1667163a66274bdda3608f2') in 0.0191256 seconds
Number of updated asset objects reloaded before import = 0Number of asset objects unloaded after import = 3

========================================================================
Received Import Request.
  Time since last request: 0.000022 seconds.
  path: Assets/Dungeon Crawler 2D Art Pack/Sprites/Monsters/Flying Monster/Front/Hit/Monster2Right-Hit_7.png
  artifactKey: Guid(71e323f6a2eda874a9b7dd31785f8067) Importer(815301076,1909f56bfc062723c751e8b465ee728b)
Start importing Assets/Dungeon Crawler 2D Art Pack/Sprites/Monsters/Flying Monster/Front/Hit/Monster2Right-Hit_7.png using Guid(71e323f6a2eda874a9b7dd31785f8067) Importer(815301076,1909f56bfc062723c751e8b465ee728b) (PreviewImporter) -> (artifact id: '3c240cc1830cf646399d6196998df8ad') in 0.0219332 seconds
Number of updated asset objects reloaded before import = 0Number of asset objects unloaded after import = 3

========================================================================
Received Import Request.
  Time since last request: 0.000029 seconds.
  path: Assets/Dungeon Crawler 2D Art Pack/Sprites/Monsters/Flying Monster/Front/Hit/Monster2Right-Hit_10.png
  artifactKey: Guid(33c102226e0d8084b94c0b203883a3a2) Importer(815301076,1909f56bfc062723c751e8b465ee728b)
Start importing Assets/Dungeon Crawler 2D Art Pack/Sprites/Monsters/Flying Monster/Front/Hit/Monster2Right-Hit_10.png using Guid(33c102226e0d8084b94c0b203883a3a2) Importer(815301076,1909f56bfc062723c751e8b465ee728b) (PreviewImporter) -> (artifact id: '525c3a7486e0d45975320f319e6f87b5') in 0.0202214 seconds
Number of updated asset objects reloaded before import = 0Number of asset objects unloaded after import = 3

========================================================================
Received Import Request.
  Time since last request: 0.000018 seconds.
  path: Assets/Dungeon Crawler 2D Art Pack/Sprites/Monsters/Flying Monster/Front/Run/Monster2Right-Fly_8.png
  artifactKey: Guid(19a6ee0d6019a904b870098802ac5d57) Importer(815301076,1909f56bfc062723c751e8b465ee728b)
Start importing Assets/Dungeon Crawler 2D Art Pack/Sprites/Monsters/Flying Monster/Front/Run/Monster2Right-Fly_8.png using Guid(19a6ee0d6019a904b870098802ac5d57) Importer(815301076,1909f56bfc062723c751e8b465ee728b) (PreviewImporter) -> (artifact id: 'e22674d6adff6dc39f624a516bf293b8') in 0.0230537 seconds
Number of updated asset objects reloaded before import = 0Number of asset objects unloaded after import = 3

========================================================================
Received Import Request.
  Time since last request: 0.000016 seconds.
  path: Assets/Dungeon Crawler 2D Art Pack/Sprites/Monsters/Flying Monster/Front/Idle/Monster2Right-Idle_25.png
  artifactKey: Guid(d4d6139820798f54ba4aac4902dfe7a2) Importer(815301076,1909f56bfc062723c751e8b465ee728b)
Start importing Assets/Dungeon Crawler 2D Art Pack/Sprites/Monsters/Flying Monster/Front/Idle/Monster2Right-Idle_25.png using Guid(d4d6139820798f54ba4aac4902dfe7a2) Importer(815301076,1909f56bfc062723c751e8b465ee728b) (PreviewImporter) -> (artifact id: '16e3dc43bf8422428cc987a4a1dde488') in 0.0235514 seconds
Number of updated asset objects reloaded before import = 0Number of asset objects unloaded after import = 3

========================================================================
Received Import Request.
  Time since last request: 0.000019 seconds.
  path: Assets/Dungeon Crawler 2D Art Pack/Sprites/Monsters/Boss/BossBack/Death/Monster3Back-Death_12.png
  artifactKey: Guid(f6f2af489f42e1f44bb6ee61da58b111) Importer(815301076,1909f56bfc062723c751e8b465ee728b)
Start importing Assets/Dungeon Crawler 2D Art Pack/Sprites/Monsters/Boss/BossBack/Death/Monster3Back-Death_12.png using Guid(f6f2af489f42e1f44bb6ee61da58b111) Importer(815301076,1909f56bfc062723c751e8b465ee728b) (PreviewImporter) -> (artifact id: '8e269b84ff0229b2c160c97311a5080f') in 0.0244651 seconds
Number of updated asset objects reloaded before import = 0Number of asset objects unloaded after import = 3

========================================================================
Received Import Request.
  Time since last request: 0.000017 seconds.
  path: Assets/Dungeon Crawler 2D Art Pack/Sprites/Monsters/Flying Monster/Front/Hit/Monster2Right-Hit_11.png
  artifactKey: Guid(8ddea62365c940f429def83fa31a67bb) Importer(815301076,1909f56bfc062723c751e8b465ee728b)
Start importing Assets/Dungeon Crawler 2D Art Pack/Sprites/Monsters/Flying Monster/Front/Hit/Monster2Right-Hit_11.png using Guid(8ddea62365c940f429def83fa31a67bb) Importer(815301076,1909f56bfc062723c751e8b465ee728b) (PreviewImporter) -> (artifact id: 'e5af3241b2805c4216df3c7f5d7bcac8') in 0.0201844 seconds
Number of updated asset objects reloaded before import = 0Number of asset objects unloaded after import = 3

========================================================================
Received Import Request.
  Time since last request: 0.000025 seconds.
  path: Assets/Dungeon Crawler 2D Art Pack/Sprites/Monsters/Flying Monster/Front/Idle/Monster2Right-Idle_21.png
  artifactKey: Guid(589f521f96dd9634ab1357d0dbb1be35) Importer(815301076,1909f56bfc062723c751e8b465ee728b)
Start importing Assets/Dungeon Crawler 2D Art Pack/Sprites/Monsters/Flying Monster/Front/Idle/Monster2Right-Idle_21.png using Guid(589f521f96dd9634ab1357d0dbb1be35) Importer(815301076,1909f56bfc062723c751e8b465ee728b) (PreviewImporter) -> (artifact id: '23441a117679668c0b64369cae7a3c59') in 0.0196238 seconds
Number of updated asset objects reloaded before import = 0Number of asset objects unloaded after import = 3

========================================================================
Received Import Request.
  Time since last request: 0.000018 seconds.
  path: Assets/Dungeon Crawler 2D Art Pack/Sprites/Monsters/Boss/BossFront/Death/Monster3Front-Death_7.png
  artifactKey: Guid(91b505930b5e90245b67ff8954724cdd) Importer(815301076,1909f56bfc062723c751e8b465ee728b)
Start importing Assets/Dungeon Crawler 2D Art Pack/Sprites/Monsters/Boss/BossFront/Death/Monster3Front-Death_7.png using Guid(91b505930b5e90245b67ff8954724cdd) Importer(815301076,1909f56bfc062723c751e8b465ee728b) (PreviewImporter) -> (artifact id: '9b64a379f3bddea2fee9236d9e6eecab') in 0.0215697 seconds
Number of updated asset objects reloaded before import = 0Number of asset objects unloaded after import = 3

========================================================================
Received Import Request.
  Time since last request: 0.000017 seconds.
  path: Assets/Dungeon Crawler 2D Art Pack/Sprites/Monsters/Boss/BossBack/Death/Monster3Back-Death_9.png
  artifactKey: Guid(f7c2304fe4c2e784489c7e003e97c64d) Importer(815301076,1909f56bfc062723c751e8b465ee728b)
Start importing Assets/Dungeon Crawler 2D Art Pack/Sprites/Monsters/Boss/BossBack/Death/Monster3Back-Death_9.png using Guid(f7c2304fe4c2e784489c7e003e97c64d) Importer(815301076,1909f56bfc062723c751e8b465ee728b) (PreviewImporter) -> (artifact id: '247c41ef298ff6d5208c36e3c0a8f62b') in 0.0209518 seconds
Number of updated asset objects reloaded before import = 0Number of asset objects unloaded after import = 3

========================================================================
Received Import Request.
  Time since last request: 0.000018 seconds.
  path: Assets/Dungeon Crawler 2D Art Pack/Sprites/Monsters/Flying Monster/Front/Death/Monster2Right-Death_13.png
  artifactKey: Guid(da326b493973f694e8d00bfcb87e3a8e) Importer(815301076,1909f56bfc062723c751e8b465ee728b)
Start importing Assets/Dungeon Crawler 2D Art Pack/Sprites/Monsters/Flying Monster/Front/Death/Monster2Right-Death_13.png using Guid(da326b493973f694e8d00bfcb87e3a8e) Importer(815301076,1909f56bfc062723c751e8b465ee728b) (PreviewImporter) -> (artifact id: '58f6b4d810bf4eff5a94ec9687f9291d') in 0.02145 seconds
Number of updated asset objects reloaded before import = 0Number of asset objects unloaded after import = 3

========================================================================
Received Import Request.
  Time since last request: 0.000019 seconds.
  path: Assets/Dungeon Crawler 2D Art Pack/Sprites/Monsters/Flying Monster/Front/Death/Monster2Right-Death_18.png
  artifactKey: Guid(e08e5b13e31477a4ab334c656a72ea61) Importer(815301076,1909f56bfc062723c751e8b465ee728b)
Start importing Assets/Dungeon Crawler 2D Art Pack/Sprites/Monsters/Flying Monster/Front/Death/Monster2Right-Death_18.png using Guid(e08e5b13e31477a4ab334c656a72ea61) Importer(815301076,1909f56bfc062723c751e8b465ee728b) (PreviewImporter) -> (artifact id: 'cf0a949e6ab53081fd052e3274a130e7') in 0.0199033 seconds
Number of updated asset objects reloaded before import = 0Number of asset objects unloaded after import = 3

========================================================================
Received Import Request.
  Time since last request: 0.000026 seconds.
  path: Assets/Dungeon Crawler 2D Art Pack/Sprites/Monsters/Flying Monster/Left/Idle/Monster2Left-Idle_21.png
  artifactKey: Guid(88e573b1329db5b4ab34f657719a101a) Importer(815301076,1909f56bfc062723c751e8b465ee728b)
Start importing Assets/Dungeon Crawler 2D Art Pack/Sprites/Monsters/Flying Monster/Left/Idle/Monster2Left-Idle_21.png using Guid(88e573b1329db5b4ab34f657719a101a) Importer(815301076,1909f56bfc062723c751e8b465ee728b) (PreviewImporter) -> (artifact id: 'e9d8ac459d37cc69bed06f23674910ce') in 0.0187258 seconds
Number of updated asset objects reloaded before import = 0Number of asset objects unloaded after import = 3

========================================================================
Received Import Request.
  Time since last request: 0.000017 seconds.
  path: Assets/Dungeon Crawler 2D Art Pack/Sprites/Monsters/Flying Monster/Left/Idle/Monster2Left-Idle_6.png
  artifactKey: Guid(4f6acdd04255f4849a18a6640e5f7bf7) Importer(815301076,1909f56bfc062723c751e8b465ee728b)
Start importing Assets/Dungeon Crawler 2D Art Pack/Sprites/Monsters/Flying Monster/Left/Idle/Monster2Left-Idle_6.png using Guid(4f6acdd04255f4849a18a6640e5f7bf7) Importer(815301076,1909f56bfc062723c751e8b465ee728b) (PreviewImporter) -> (artifact id: '8c73423a2b90e383dfdd4ab45ec99fc0') in 0.018933 seconds
Number of updated asset objects reloaded before import = 0Number of asset objects unloaded after import = 3

========================================================================
Received Import Request.
  Time since last request: 0.000017 seconds.
  path: Assets/Dungeon Crawler 2D Art Pack/Sprites/Monsters/Flying Monster/Left/Idle/Monster2Left-Idle_2.png
  artifactKey: Guid(0018e0d7b028f724694767076a93e878) Importer(815301076,1909f56bfc062723c751e8b465ee728b)
Start importing Assets/Dungeon Crawler 2D Art Pack/Sprites/Monsters/Flying Monster/Left/Idle/Monster2Left-Idle_2.png using Guid(0018e0d7b028f724694767076a93e878) Importer(815301076,1909f56bfc062723c751e8b465ee728b) (PreviewImporter) -> (artifact id: 'd8fa6d4f11e8eda750a1b7d3ca1b1f2e') in 0.0183445 seconds
Number of updated asset objects reloaded before import = 0Number of asset objects unloaded after import = 3

========================================================================
Received Import Request.
  Time since last request: 0.000017 seconds.
  path: Assets/Dungeon Crawler 2D Art Pack/Sprites/Monsters/Flying Monster/Left/Idle/Monster2Left-Idle_20.png
  artifactKey: Guid(9160ab734042f6e449125085d674175f) Importer(815301076,1909f56bfc062723c751e8b465ee728b)
Start importing Assets/Dungeon Crawler 2D Art Pack/Sprites/Monsters/Flying Monster/Left/Idle/Monster2Left-Idle_20.png using Guid(9160ab734042f6e449125085d674175f) Importer(815301076,1909f56bfc062723c751e8b465ee728b) (PreviewImporter) -> (artifact id: 'b88a50afa32e5207b6b594f800ed9b0b') in 0.0209404 seconds
Number of updated asset objects reloaded before import = 0Number of asset objects unloaded after import = 3

========================================================================
Received Import Request.
  Time since last request: 0.000020 seconds.
  path: Assets/Dungeon Crawler 2D Art Pack/Sprites/Monsters/Flying Monster/Left/Idle/Monster2Left-Idle_4.png
  artifactKey: Guid(463972617ae17cf43b6a8ed9130ac0f6) Importer(815301076,1909f56bfc062723c751e8b465ee728b)
Start importing Assets/Dungeon Crawler 2D Art Pack/Sprites/Monsters/Flying Monster/Left/Idle/Monster2Left-Idle_4.png using Guid(463972617ae17cf43b6a8ed9130ac0f6) Importer(815301076,1909f56bfc062723c751e8b465ee728b) (PreviewImporter) -> (artifact id: '1eff0047d2bccfac2e2490d62a6dcac1') in 0.0190067 seconds
Number of updated asset objects reloaded before import = 0Number of asset objects unloaded after import = 3

========================================================================
Received Import Request.
  Time since last request: 0.232473 seconds.
  path: Assets/Dungeon Crawler 2D Art Pack/Sprites/Monsters/Flying Monster/Left/Hit/Monster2Left-Hit_3.png
  artifactKey: Guid(c28d5b6a5b4cf294f97ae6e963c2ba9c) Importer(815301076,1909f56bfc062723c751e8b465ee728b)
Start importing Assets/Dungeon Crawler 2D Art Pack/Sprites/Monsters/Flying Monster/Left/Hit/Monster2Left-Hit_3.png using Guid(c28d5b6a5b4cf294f97ae6e963c2ba9c) Importer(815301076,1909f56bfc062723c751e8b465ee728b) (PreviewImporter) -> (artifact id: '3aaba6cae73cf607a60e0d9404e7e770') in 0.0196536 seconds
Number of updated asset objects reloaded before import = 0Number of asset objects unloaded after import = 3

========================================================================
Received Import Request.
  Time since last request: 0.000017 seconds.
  path: Assets/Dungeon Crawler 2D Art Pack/Sprites/Monsters/Flying Monster/Left/Hit/Monster2Left-Hit_8.png
  artifactKey: Guid(3a7de6d749ab02543b1fab0f39701694) Importer(815301076,1909f56bfc062723c751e8b465ee728b)
Start importing Assets/Dungeon Crawler 2D Art Pack/Sprites/Monsters/Flying Monster/Left/Hit/Monster2Left-Hit_8.png using Guid(3a7de6d749ab02543b1fab0f39701694) Importer(815301076,1909f56bfc062723c751e8b465ee728b) (PreviewImporter) -> (artifact id: '77e86f5ea03f07d1a0d2f830149f61fa') in 0.0155591 seconds
Number of updated asset objects reloaded before import = 0Number of asset objects unloaded after import = 3

========================================================================
Received Import Request.
  Time since last request: 0.000018 seconds.
  path: Assets/Dungeon Crawler 2D Art Pack/Sprites/Monsters/Green Monster/M1_Left/Run/Monster1Left-Walk_25.png
  artifactKey: Guid(8614e5fb080769741896d4f727ec3974) Importer(815301076,1909f56bfc062723c751e8b465ee728b)
Start importing Assets/Dungeon Crawler 2D Art Pack/Sprites/Monsters/Green Monster/M1_Left/Run/Monster1Left-Walk_25.png using Guid(8614e5fb080769741896d4f727ec3974) Importer(815301076,1909f56bfc062723c751e8b465ee728b) (PreviewImporter) -> (artifact id: '917d38e7e73604283b74dcee225fa0f9') in 0.0223147 seconds
Number of updated asset objects reloaded before import = 0Number of asset objects unloaded after import = 3

========================================================================
Received Import Request.
  Time since last request: 0.000015 seconds.
  path: Assets/Dungeon Crawler 2D Art Pack/Sprites/Monsters/Green Monster/M1_Left/Idle/Monster1Left-Idle_66.png
  artifactKey: Guid(82202202b825535459de29efa107afc1) Importer(815301076,1909f56bfc062723c751e8b465ee728b)
Start importing Assets/Dungeon Crawler 2D Art Pack/Sprites/Monsters/Green Monster/M1_Left/Idle/Monster1Left-Idle_66.png using Guid(82202202b825535459de29efa107afc1) Importer(815301076,1909f56bfc062723c751e8b465ee728b) (PreviewImporter) -> (artifact id: 'bdd43977c53be20d621388bc8231c0d7') in 0.0217993 seconds
Number of updated asset objects reloaded before import = 0Number of asset objects unloaded after import = 3

========================================================================
Received Import Request.
  Time since last request: 0.000019 seconds.
  path: Assets/Dungeon Crawler 2D Art Pack/Sprites/Monsters/Green Monster/M1_Left/Idle/Monster1Left-Idle_70.png
  artifactKey: Guid(128c2a6eaf2c34d478f9af7d295fd3e7) Importer(815301076,1909f56bfc062723c751e8b465ee728b)
Start importing Assets/Dungeon Crawler 2D Art Pack/Sprites/Monsters/Green Monster/M1_Left/Idle/Monster1Left-Idle_70.png using Guid(128c2a6eaf2c34d478f9af7d295fd3e7) Importer(815301076,1909f56bfc062723c751e8b465ee728b) (PreviewImporter) -> (artifact id: '6c27e3f614b10de884b27cfd7a3e5bdc') in 0.018478 seconds
Number of updated asset objects reloaded before import = 0Number of asset objects unloaded after import = 3

========================================================================
Received Import Request.
  Time since last request: 0.000028 seconds.
  path: Assets/Dungeon Crawler 2D Art Pack/Sprites/Monsters/Green Monster/M1_Left/Idle/Monster1Left-Idle_68.png
  artifactKey: Guid(a3bf399b9c5409648be2527535196e47) Importer(815301076,1909f56bfc062723c751e8b465ee728b)
Start importing Assets/Dungeon Crawler 2D Art Pack/Sprites/Monsters/Green Monster/M1_Left/Idle/Monster1Left-Idle_68.png using Guid(a3bf399b9c5409648be2527535196e47) Importer(815301076,1909f56bfc062723c751e8b465ee728b) (PreviewImporter) -> (artifact id: 'bfbbc29e23a4b0f19a3d0e9707259a00') in 0.0204879 seconds
Number of updated asset objects reloaded before import = 0Number of asset objects unloaded after import = 3

========================================================================
Received Import Request.
  Time since last request: 0.000016 seconds.
  path: Assets/Dungeon Crawler 2D Art Pack/Sprites/Monsters/Green Monster/M1_Left/Idle/Monster1Left-Idle_69.png
  artifactKey: Guid(458c788dcccb7184b8823885ecaeb707) Importer(815301076,1909f56bfc062723c751e8b465ee728b)
Start importing Assets/Dungeon Crawler 2D Art Pack/Sprites/Monsters/Green Monster/M1_Left/Idle/Monster1Left-Idle_69.png using Guid(458c788dcccb7184b8823885ecaeb707) Importer(815301076,1909f56bfc062723c751e8b465ee728b) (PreviewImporter) -> (artifact id: 'd82e08e6002fc62b70dcffa08e357e36') in 0.019696 seconds
Number of updated asset objects reloaded before import = 0Number of asset objects unloaded after import = 3

========================================================================
Received Import Request.
  Time since last request: 0.000022 seconds.
  path: Assets/Dungeon Crawler 2D Art Pack/Sprites/Monsters/Green Monster/M1_Left/Idle/Monster1Left-Idle_54.png
  artifactKey: Guid(3b37f440affb5ac48b593b168ff5437a) Importer(815301076,1909f56bfc062723c751e8b465ee728b)
Start importing Assets/Dungeon Crawler 2D Art Pack/Sprites/Monsters/Green Monster/M1_Left/Idle/Monster1Left-Idle_54.png using Guid(3b37f440affb5ac48b593b168ff5437a) Importer(815301076,1909f56bfc062723c751e8b465ee728b) (PreviewImporter) -> (artifact id: 'b89303f092c86389799b5c6909a14663') in 0.0175731 seconds
Number of updated asset objects reloaded before import = 0Number of asset objects unloaded after import = 3

========================================================================
Received Import Request.
  Time since last request: 0.000018 seconds.
  path: Assets/Dungeon Crawler 2D Art Pack/Sprites/Monsters/Green Monster/M1_Left/Idle/Monster1Left-Idle_13.png
  artifactKey: Guid(7f5b9e8510414e64890ef8cc3ad042bc) Importer(815301076,1909f56bfc062723c751e8b465ee728b)
Start importing Assets/Dungeon Crawler 2D Art Pack/Sprites/Monsters/Green Monster/M1_Left/Idle/Monster1Left-Idle_13.png using Guid(7f5b9e8510414e64890ef8cc3ad042bc) Importer(815301076,1909f56bfc062723c751e8b465ee728b) (PreviewImporter) -> (artifact id: '7653a8b2653920c6c87bc15157f60da1') in 0.022211 seconds
Number of updated asset objects reloaded before import = 0Number of asset objects unloaded after import = 3

========================================================================
Received Import Request.
  Time since last request: 0.000021 seconds.
  path: Assets/Dungeon Crawler 2D Art Pack/Sprites/Monsters/Green Monster/M1_Left/Idle/Monster1Left-Idle_16.png
  artifactKey: Guid(d17681ea1a3d8d846ae3f7e20bc252da) Importer(815301076,1909f56bfc062723c751e8b465ee728b)
Start importing Assets/Dungeon Crawler 2D Art Pack/Sprites/Monsters/Green Monster/M1_Left/Idle/Monster1Left-Idle_16.png using Guid(d17681ea1a3d8d846ae3f7e20bc252da) Importer(815301076,1909f56bfc062723c751e8b465ee728b) (PreviewImporter) -> (artifact id: '970c17f3d042787084ed5dbc4e9b8cd5') in 0.0193194 seconds
Number of updated asset objects reloaded before import = 0Number of asset objects unloaded after import = 3

========================================================================
Received Import Request.
  Time since last request: 0.000032 seconds.
  path: Assets/Dungeon Crawler 2D Art Pack/Sprites/Monsters/Green Monster/M1_Left/Idle/Monster1Left-Idle_56.png
  artifactKey: Guid(cd9c1d2b19aefda41a912acd3595358c) Importer(815301076,1909f56bfc062723c751e8b465ee728b)
Start importing Assets/Dungeon Crawler 2D Art Pack/Sprites/Monsters/Green Monster/M1_Left/Idle/Monster1Left-Idle_56.png using Guid(cd9c1d2b19aefda41a912acd3595358c) Importer(815301076,1909f56bfc062723c751e8b465ee728b) (PreviewImporter) -> (artifact id: '666fc26b1a5b5ab920aa42d3d57ebe05') in 0.0215475 seconds
Number of updated asset objects reloaded before import = 0Number of asset objects unloaded after import = 3

========================================================================
Received Import Request.
  Time since last request: 0.014289 seconds.
  path: Assets/Dungeon Crawler 2D Art Pack/Sprites/Monsters/Green Monster/M1_Left/Idle/Monster1Left-Idle_1.png
  artifactKey: Guid(ca0673091c7f35748a0e502305a92334) Importer(815301076,1909f56bfc062723c751e8b465ee728b)
Start importing Assets/Dungeon Crawler 2D Art Pack/Sprites/Monsters/Green Monster/M1_Left/Idle/Monster1Left-Idle_1.png using Guid(ca0673091c7f35748a0e502305a92334) Importer(815301076,1909f56bfc062723c751e8b465ee728b) (PreviewImporter) -> (artifact id: '45b1ff63e773795a5ca8e3fbc4689155') in 0.0188403 seconds
Number of updated asset objects reloaded before import = 0Number of asset objects unloaded after import = 3

========================================================================
Received Import Request.
  Time since last request: 0.000022 seconds.
  path: Assets/Dungeon Crawler 2D Art Pack/Sprites/Monsters/Green Monster/M1_Left/Idle/Monster1Left-Idle_3.png
  artifactKey: Guid(2e30cf5c9bc4542438fabf6a68f92e13) Importer(815301076,1909f56bfc062723c751e8b465ee728b)
Start importing Assets/Dungeon Crawler 2D Art Pack/Sprites/Monsters/Green Monster/M1_Left/Idle/Monster1Left-Idle_3.png using Guid(2e30cf5c9bc4542438fabf6a68f92e13) Importer(815301076,1909f56bfc062723c751e8b465ee728b) (PreviewImporter) -> (artifact id: '48a390a79f80eaf8c20db5ca7709b732') in 0.020289 seconds
Number of updated asset objects reloaded before import = 0Number of asset objects unloaded after import = 3

========================================================================
Received Import Request.
  Time since last request: 0.000021 seconds.
  path: Assets/Dungeon Crawler 2D Art Pack/Sprites/Monsters/Green Monster/M1_Left/Hit/Monster1Left-Hit_4.png
  artifactKey: Guid(9ce5dedb5613b714f807e960033ba413) Importer(815301076,1909f56bfc062723c751e8b465ee728b)
Start importing Assets/Dungeon Crawler 2D Art Pack/Sprites/Monsters/Green Monster/M1_Left/Hit/Monster1Left-Hit_4.png using Guid(9ce5dedb5613b714f807e960033ba413) Importer(815301076,1909f56bfc062723c751e8b465ee728b) (PreviewImporter) -> (artifact id: '1e2d2c142ed89671453d71c62780fdaa') in 0.0186639 seconds
Number of updated asset objects reloaded before import = 0Number of asset objects unloaded after import = 3

========================================================================
Received Import Request.
  Time since last request: 0.000018 seconds.
  path: Assets/Dungeon Crawler 2D Art Pack/Sprites/Monsters/Green Monster/M1_Left/Hit/Monster1Left-Hit_7.png
  artifactKey: Guid(c912d0409bcbff4479de9733d70d7518) Importer(815301076,1909f56bfc062723c751e8b465ee728b)
Start importing Assets/Dungeon Crawler 2D Art Pack/Sprites/Monsters/Green Monster/M1_Left/Hit/Monster1Left-Hit_7.png using Guid(c912d0409bcbff4479de9733d70d7518) Importer(815301076,1909f56bfc062723c751e8b465ee728b) (PreviewImporter) -> (artifact id: '820673d94213f0c55a8ce3aa11392664') in 0.0171656 seconds
Number of updated asset objects reloaded before import = 0Number of asset objects unloaded after import = 3

========================================================================
Received Import Request.
  Time since last request: 0.000034 seconds.
  path: Assets/Dungeon Crawler 2D Art Pack/Sprites/Monsters/Green Monster/M1_Front/Run/Monster1Front-Walk_16.png
  artifactKey: Guid(9ac1841450adfc94a9e4209bdcfbce88) Importer(815301076,1909f56bfc062723c751e8b465ee728b)
Start importing Assets/Dungeon Crawler 2D Art Pack/Sprites/Monsters/Green Monster/M1_Front/Run/Monster1Front-Walk_16.png using Guid(9ac1841450adfc94a9e4209bdcfbce88) Importer(815301076,1909f56bfc062723c751e8b465ee728b) (PreviewImporter) -> (artifact id: 'ec429eb509320db4b0ed2d71553d336f') in 0.0221003 seconds
Number of updated asset objects reloaded before import = 0Number of asset objects unloaded after import = 3

========================================================================
Received Import Request.
  Time since last request: 0.000020 seconds.
  path: Assets/Dungeon Crawler 2D Art Pack/Sprites/Monsters/Green Monster/M1_Front/Run/Monster1Front-Walk_23.png
  artifactKey: Guid(b12e05919cc33aa46887b1889931abf4) Importer(815301076,1909f56bfc062723c751e8b465ee728b)
Start importing Assets/Dungeon Crawler 2D Art Pack/Sprites/Monsters/Green Monster/M1_Front/Run/Monster1Front-Walk_23.png using Guid(b12e05919cc33aa46887b1889931abf4) Importer(815301076,1909f56bfc062723c751e8b465ee728b) (PreviewImporter) -> (artifact id: '9ebcf05aad4bba02871b8cddecbaf36e') in 0.0198266 seconds
Number of updated asset objects reloaded before import = 0Number of asset objects unloaded after import = 3

========================================================================
Received Import Request.
  Time since last request: 0.000016 seconds.
  path: Assets/Dungeon Crawler 2D Art Pack/Sprites/Monsters/Green Monster/M1_Front/Idle/Monster1Front-Idle_100.png
  artifactKey: Guid(369889a0247b59a47a07eb0c6152ffcc) Importer(815301076,1909f56bfc062723c751e8b465ee728b)
Start importing Assets/Dungeon Crawler 2D Art Pack/Sprites/Monsters/Green Monster/M1_Front/Idle/Monster1Front-Idle_100.png using Guid(369889a0247b59a47a07eb0c6152ffcc) Importer(815301076,1909f56bfc062723c751e8b465ee728b) (PreviewImporter) -> (artifact id: '4f6f6516449cdc327994a2cfb06895d0') in 0.0198098 seconds
Number of updated asset objects reloaded before import = 0Number of asset objects unloaded after import = 3

========================================================================
Received Import Request.
  Time since last request: 0.000017 seconds.
  path: Assets/Dungeon Crawler 2D Art Pack/Sprites/Monsters/Green Monster/M1_Front/Idle/Monster1Front-Idle_78.png
  artifactKey: Guid(1d81d861a0cf17646a276347e57c4794) Importer(815301076,1909f56bfc062723c751e8b465ee728b)
Start importing Assets/Dungeon Crawler 2D Art Pack/Sprites/Monsters/Green Monster/M1_Front/Idle/Monster1Front-Idle_78.png using Guid(1d81d861a0cf17646a276347e57c4794) Importer(815301076,1909f56bfc062723c751e8b465ee728b) (PreviewImporter) -> (artifact id: '322c0260ffd5717fdbf4a59c5c95e052') in 0.0189956 seconds
Number of updated asset objects reloaded before import = 0Number of asset objects unloaded after import = 3

========================================================================
Received Import Request.
  Time since last request: 0.000020 seconds.
  path: Assets/Dungeon Crawler 2D Art Pack/Sprites/Monsters/Green Monster/M1_Left/Hit/Monster1Left-Hit_5.png
  artifactKey: Guid(0a2eb0427cd0f33468815945d3ffc90f) Importer(815301076,1909f56bfc062723c751e8b465ee728b)
Start importing Assets/Dungeon Crawler 2D Art Pack/Sprites/Monsters/Green Monster/M1_Left/Hit/Monster1Left-Hit_5.png using Guid(0a2eb0427cd0f33468815945d3ffc90f) Importer(815301076,1909f56bfc062723c751e8b465ee728b) (PreviewImporter) -> (artifact id: '43a626403b790edd864d121e4e3d8d62') in 0.0184621 seconds
Number of updated asset objects reloaded before import = 0Number of asset objects unloaded after import = 3

========================================================================
Received Import Request.
  Time since last request: 0.000058 seconds.
  path: Assets/Dungeon Crawler 2D Art Pack/Sprites/Monsters/Green Monster/M1_Front/Idle/Monster1Front-Idle_71.png
  artifactKey: Guid(962c4eba4efb239418355e9a1c9d296d) Importer(815301076,1909f56bfc062723c751e8b465ee728b)
Start importing Assets/Dungeon Crawler 2D Art Pack/Sprites/Monsters/Green Monster/M1_Front/Idle/Monster1Front-Idle_71.png using Guid(962c4eba4efb239418355e9a1c9d296d) Importer(815301076,1909f56bfc062723c751e8b465ee728b) (PreviewImporter) -> (artifact id: 'ee988eea7d0710123799701fa82f1342') in 0.0227433 seconds
Number of updated asset objects reloaded before import = 0Number of asset objects unloaded after import = 3

========================================================================
Received Import Request.
  Time since last request: 0.000017 seconds.
  path: Assets/Dungeon Crawler 2D Art Pack/Sprites/Monsters/Green Monster/M1_Front/Idle/Monster1Front-Idle_76.png
  artifactKey: Guid(a4c94a882e2d4cc4cb4966eb82811f1d) Importer(815301076,1909f56bfc062723c751e8b465ee728b)
Start importing Assets/Dungeon Crawler 2D Art Pack/Sprites/Monsters/Green Monster/M1_Front/Idle/Monster1Front-Idle_76.png using Guid(a4c94a882e2d4cc4cb4966eb82811f1d) Importer(815301076,1909f56bfc062723c751e8b465ee728b) (PreviewImporter) -> (artifact id: 'a55cd45f5338f091116fce733aebd29e') in 0.0244051 seconds
Number of updated asset objects reloaded before import = 0Number of asset objects unloaded after import = 3

========================================================================
Received Import Request.
  Time since last request: 0.000016 seconds.
  path: Assets/Dungeon Crawler 2D Art Pack/Sprites/Monsters/Green Monster/M1_Front/Idle/Monster1Front-Idle_104.png
  artifactKey: Guid(730491ead1970474eb3b964af8221bca) Importer(815301076,1909f56bfc062723c751e8b465ee728b)
Start importing Assets/Dungeon Crawler 2D Art Pack/Sprites/Monsters/Green Monster/M1_Front/Idle/Monster1Front-Idle_104.png using Guid(730491ead1970474eb3b964af8221bca) Importer(815301076,1909f56bfc062723c751e8b465ee728b) (PreviewImporter) -> (artifact id: '543547ee894755c906b2396867388191') in 0.0219791 seconds
Number of updated asset objects reloaded before import = 0Number of asset objects unloaded after import = 3

========================================================================
Received Import Request.
  Time since last request: 0.022492 seconds.
  path: Assets/Dungeon Crawler 2D Art Pack/Sprites/Monsters/Green Monster/M1_Front/Idle/Monster1Front-Idle_60.png
  artifactKey: Guid(4a21f45b534d74f4b9764ffa09f9a8ae) Importer(815301076,1909f56bfc062723c751e8b465ee728b)
Start importing Assets/Dungeon Crawler 2D Art Pack/Sprites/Monsters/Green Monster/M1_Front/Idle/Monster1Front-Idle_60.png using Guid(4a21f45b534d74f4b9764ffa09f9a8ae) Importer(815301076,1909f56bfc062723c751e8b465ee728b) (PreviewImporter) -> (artifact id: '8c2e788bbe880ddf869c5776f0155f6a') in 0.0185215 seconds
Number of updated asset objects reloaded before import = 0Number of asset objects unloaded after import = 3

========================================================================
Received Import Request.
  Time since last request: 0.000022 seconds.
  path: Assets/Dungeon Crawler 2D Art Pack/Sprites/Monsters/Green Monster/M1_Front/Idle/Monster1Front-Idle_63.png
  artifactKey: Guid(f325f4fca01d84f448911d8415aa6f31) Importer(815301076,1909f56bfc062723c751e8b465ee728b)
Start importing Assets/Dungeon Crawler 2D Art Pack/Sprites/Monsters/Green Monster/M1_Front/Idle/Monster1Front-Idle_63.png using Guid(f325f4fca01d84f448911d8415aa6f31) Importer(815301076,1909f56bfc062723c751e8b465ee728b) (PreviewImporter) -> (artifact id: '389fd19d89e66fca24d48edbde4d7ec2') in 0.018617 seconds
Number of updated asset objects reloaded before import = 0Number of asset objects unloaded after import = 3

========================================================================
Received Import Request.
  Time since last request: 0.000032 seconds.
  path: Assets/Dungeon Crawler 2D Art Pack/Sprites/Monsters/Green Monster/M1_Front/Idle/Monster1Front-Idle_24.png
  artifactKey: Guid(c0ad91ecf7b46e545b3e94856d867e53) Importer(815301076,1909f56bfc062723c751e8b465ee728b)
Start importing Assets/Dungeon Crawler 2D Art Pack/Sprites/Monsters/Green Monster/M1_Front/Idle/Monster1Front-Idle_24.png using Guid(c0ad91ecf7b46e545b3e94856d867e53) Importer(815301076,1909f56bfc062723c751e8b465ee728b) (PreviewImporter) -> (artifact id: 'a8433b1ff171fa40f2db02fa92d597e7') in 0.0171257 seconds
Number of updated asset objects reloaded before import = 0Number of asset objects unloaded after import = 3

========================================================================
Received Import Request.
  Time since last request: 0.000019 seconds.
  path: Assets/Dungeon Crawler 2D Art Pack/Sprites/Monsters/Green Monster/M1_Front/Idle/Monster1Front-Idle_25.png
  artifactKey: Guid(bacb79fe11e176a4ea232f2ca4ed6ca4) Importer(815301076,1909f56bfc062723c751e8b465ee728b)
Start importing Assets/Dungeon Crawler 2D Art Pack/Sprites/Monsters/Green Monster/M1_Front/Idle/Monster1Front-Idle_25.png using Guid(bacb79fe11e176a4ea232f2ca4ed6ca4) Importer(815301076,1909f56bfc062723c751e8b465ee728b) (PreviewImporter) -> (artifact id: '176490641358e7664528f1b3edc8956a') in 0.0177729 seconds
Number of updated asset objects reloaded before import = 0Number of asset objects unloaded after import = 3

========================================================================
Received Import Request.
  Time since last request: 0.000021 seconds.
  path: Assets/Model/Gacha/Meshy_AI_Circle_of_Light_in_th_0804061104_texture_normal.png
  artifactKey: Guid(206d5a3e820f1674cb4ce0bf319cae0f) Importer(815301076,1909f56bfc062723c751e8b465ee728b)
Start importing Assets/Model/Gacha/Meshy_AI_Circle_of_Light_in_th_0804061104_texture_normal.png using Guid(206d5a3e820f1674cb4ce0bf319cae0f) Importer(815301076,1909f56bfc062723c751e8b465ee728b) (PreviewImporter) -> (artifact id: '669d967131e1d8d6530220b49e281ea0') in 0.0203656 seconds
Number of updated asset objects reloaded before import = 0Number of asset objects unloaded after import = 3

========================================================================
Received Import Request.
  Time since last request: 0.000021 seconds.
  path: Assets/Dungeon Crawler 2D Art Pack/Sprites/Monsters/Flying Monster/Back/Attack/Monster1Back-Attack_3.png
  artifactKey: Guid(08651ff73305b2d458ea4f47989226e5) Importer(815301076,1909f56bfc062723c751e8b465ee728b)
Start importing Assets/Dungeon Crawler 2D Art Pack/Sprites/Monsters/Flying Monster/Back/Attack/Monster1Back-Attack_3.png using Guid(08651ff73305b2d458ea4f47989226e5) Importer(815301076,1909f56bfc062723c751e8b465ee728b) (PreviewImporter) -> (artifact id: 'dfbaca006d75637a9a1fa3250f0869e7') in 0.019633 seconds
Number of updated asset objects reloaded before import = 0Number of asset objects unloaded after import = 3

========================================================================
Received Import Request.
  Time since last request: 0.000025 seconds.
  path: Packages/com.unity.purchasing/Runtime/Purchasing/PaymentOption/Resources/com.unity.purchasing/Brands/GooglePlayWordmarkWhite.png
  artifactKey: Guid(bdad3cf3dd9714ade8c87ba5fe90551b) Importer(815301076,1909f56bfc062723c751e8b465ee728b)
Start importing Packages/com.unity.purchasing/Runtime/Purchasing/PaymentOption/Resources/com.unity.purchasing/Brands/GooglePlayWordmarkWhite.png using Guid(bdad3cf3dd9714ade8c87ba5fe90551b) Importer(815301076,1909f56bfc062723c751e8b465ee728b) (PreviewImporter) -> (artifact id: 'bbcc6d6be4618fc376d293ffa6932164') in 0.0533114 seconds
Number of updated asset objects reloaded before import = 0Number of asset objects unloaded after import = 15

========================================================================
Received Import Request.
  Time since last request: 0.000028 seconds.
  path: Assets/Spine2D Knight Character Animation Pack/Exports/Frame by frame/idle_2/clown_export-idle_3_9.png
  artifactKey: Guid(29a50719fe64fdb4c91fd2d0a1ee3d89) Importer(815301076,1909f56bfc062723c751e8b465ee728b)
Start importing Assets/Spine2D Knight Character Animation Pack/Exports/Frame by frame/idle_2/clown_export-idle_3_9.png using Guid(29a50719fe64fdb4c91fd2d0a1ee3d89) Importer(815301076,1909f56bfc062723c751e8b465ee728b) (PreviewImporter) -> (artifact id: 'cdcca4633dc48defa296784b13790612') in 0.0211576 seconds
Number of updated asset objects reloaded before import = 0Number of asset objects unloaded after import = 3

========================================================================
Received Import Request.
  Time since last request: 0.000024 seconds.
  path: Assets/Spine2D Knight Character Animation Pack/Exports/Frame by frame/idle_2/clown_export-idle_3_11.png
  artifactKey: Guid(66ad5088b40e8e94b82b8459cebf172f) Importer(815301076,1909f56bfc062723c751e8b465ee728b)
Start importing Assets/Spine2D Knight Character Animation Pack/Exports/Frame by frame/idle_2/clown_export-idle_3_11.png using Guid(66ad5088b40e8e94b82b8459cebf172f) Importer(815301076,1909f56bfc062723c751e8b465ee728b) (PreviewImporter) -> (artifact id: '7c81d3425c71f0525d110fede173fc75') in 0.0199355 seconds
Number of updated asset objects reloaded before import = 0Number of asset objects unloaded after import = 3

========================================================================
Received Import Request.
  Time since last request: 0.000020 seconds.
  path: Assets/Spine2D Knight Character Animation Pack/Exports/Frame by frame/idle_2/clown_export-idle_3_16.png
  artifactKey: Guid(5f9ec24486d18b7439da06346585cded) Importer(815301076,1909f56bfc062723c751e8b465ee728b)
Start importing Assets/Spine2D Knight Character Animation Pack/Exports/Frame by frame/idle_2/clown_export-idle_3_16.png using Guid(5f9ec24486d18b7439da06346585cded) Importer(815301076,1909f56bfc062723c751e8b465ee728b) (PreviewImporter) -> (artifact id: 'a337c9859633afd6c40981a6f6ae888b') in 0.0214425 seconds
Number of updated asset objects reloaded before import = 0Number of asset objects unloaded after import = 3

========================================================================
Received Import Request.
  Time since last request: 0.000017 seconds.
  path: Assets/Dungeon Crawler 2D Art Pack/Sprites/Monsters/Green Monster/M1_Front/Idle/Monster1Front-Idle_19.png
  artifactKey: Guid(1249b920de091f24dba9ed128138a685) Importer(815301076,1909f56bfc062723c751e8b465ee728b)
Start importing Assets/Dungeon Crawler 2D Art Pack/Sprites/Monsters/Green Monster/M1_Front/Idle/Monster1Front-Idle_19.png using Guid(1249b920de091f24dba9ed128138a685) Importer(815301076,1909f56bfc062723c751e8b465ee728b) (PreviewImporter) -> (artifact id: '4e176fa055cc7f95f05d72f8c43e8405') in 0.0188312 seconds
Number of updated asset objects reloaded before import = 0Number of asset objects unloaded after import = 3

========================================================================
Received Import Request.
  Time since last request: 0.000026 seconds.
  path: Assets/Dungeon Crawler 2D Art Pack/Sprites/Monsters/Flying Monster/Back/Attack/Monster1Back-Attack_1.png
  artifactKey: Guid(1036581597770264b9fa34d427cb15ec) Importer(815301076,1909f56bfc062723c751e8b465ee728b)
Start importing Assets/Dungeon Crawler 2D Art Pack/Sprites/Monsters/Flying Monster/Back/Attack/Monster1Back-Attack_1.png using Guid(1036581597770264b9fa34d427cb15ec) Importer(815301076,1909f56bfc062723c751e8b465ee728b) (PreviewImporter) -> (artifact id: '1b09d14e99810a2870f16950fb2362f0') in 0.0248417 seconds
Number of updated asset objects reloaded before import = 0Number of asset objects unloaded after import = 3

Editor requested this worker to shutdown with reason: Scaling down because of idle timeout
AssetImportWorker is now disconnected from the server
Process exiting
Exiting without the bug reporter. Application will terminate with return code 0