[Licensing::Module] Trying to connect to existing licensing client channel...
Built from '6000.3/staging' branch; Version is '6000.3.17f1 (cf0352b38e81) revision 13566802'; Using compiler version '194234433'; Build Type 'Release'
[Licensing::IpcConnector] Successfully connected to: "LicenseClient-gimch" at "2026-09-30T14:35:09.2040747Z"
OS: 'Windows 11  (10.0.26200) Professional' Language: 'ko' Physical Memory: 16232 MB
BatchMode: 1, IsHumanControllingUs: 0, StartBugReporterOnCrash: 0, Is64bit: 1
System  architecture: x64
Process architecture: x64
Date: 2026-09-30T14:35:09Z

COMMAND LINE ARGUMENTS:
C:\Program Files\Unity\Hub\Editor\6000.3.17f1\Editor\Unity.exe
-adb2
-batchMode
-noUpm
-name
AssetImportWorker1
-projectPath
C:/Users/gimch/Documents/GitHub/HanessTest/My project
-logFile
Logs/AssetImportWorker1.log
-srvPort
58262
-licensingIpc
LicenseClient-gimch
-job-worker-count
7
-background-job-worker-count
8
-gc-helper-count
1
-name
AssetImport
Successfully changed project path to: C:/Users/gimch/Documents/GitHub/HanessTest/My project
C:/Users/gimch/Documents/GitHub/HanessTest/My project
[UnityMemory] Configuration Parameters - Can be set up in boot.config
    "memorysetup-temp-allocator-size-nav-mesh-worker=65536"
    "memorysetup-temp-allocator-size-audio-worker=65536"
    "memorysetup-temp-allocator-size-gfx=262144"
    "memorysetup-allocator-temp-initial-block-size-main=262144"
    "memorysetup-allocator-temp-initial-block-size-worker=262144"
    "memorysetup-temp-allocator-size-background-worker=32768"
    "memorysetup-temp-allocator-size-job-worker=262144"
    "memorysetup-temp-allocator-size-preload-manager=33554432"
    "memorysetup-temp-allocator-size-gi-baking-worker=262144"
    "memorysetup-temp-allocator-size-gi-baking-worker=262144"
    "memorysetup-temp-allocator-size-gi-baking-worker=262144"
    "memorysetup-temp-allocator-size-gi-baking-worker=262144"
    "memorysetup-temp-allocator-size-gi-baking-worker=262144"
    "memorysetup-bucket-allocator-granularity=16"
    "memorysetup-bucket-allocator-bucket-count=8"
    "memorysetup-bucket-allocator-block-size=33554432"
    "memorysetup-bucket-allocator-block-count=8"
    "memorysetup-main-allocator-block-size=16777216"
    "memorysetup-thread-allocator-block-size=16777216"
    "memorysetup-gfx-main-allocator-block-size=16777216"
    "memorysetup-gfx-thread-allocator-block-size=16777216"
    "memorysetup-cache-allocator-block-size=4194304"
    "memorysetup-typetree-allocator-block-size=2097152"
    "memorysetup-profiler-bucket-allocator-granularity=16"
    "memorysetup-profiler-bucket-allocator-bucket-count=8"
    "memorysetup-profiler-bucket-allocator-block-size=33554432"
    "memorysetup-profiler-bucket-allocator-block-count=8"
    "memorysetup-profiler-allocator-block-size=16777216"
    "memorysetup-profiler-editor-allocator-block-size=1048576"
    "memorysetup-temp-allocator-size-main=16777216"
    "memorysetup-job-temp-allocator-block-size=2097152"
    "memorysetup-job-temp-allocator-block-size-background=1048576"
    "memorysetup-job-temp-allocator-reduction-small-platforms=262144"
    "memorysetup-temp-allocator-size-cloud-worker=32768"
Player connection [7136]  Target information:

Player connection [7136]  * "[IP] 49.142.53.194 [Port] 0 [Flags] 2 [Guid] 1659450747 [EditorId] 1659450747 [Version] 1048832 [Id] WindowsEditor(7,CHANBIN) [Debug] 1 [PackageName] WindowsEditor [ProjectName] Editor" 

Player connection [7136] Host joined multi-casting on [225.0.0.222:54997]...
Player connection [7136] Host joined alternative multi-casting on [225.0.0.222:34997]...
JobSystem: Creating JobQueue using job-worker-count value 7
Input System module state changed to: Initialized.
[Physics::Module] Initialized fallback backend.
[Physics::Module] Id: 0xdecafbad
Library Redirect Path: Library/
[Physics::Module] Selected backend.
[Physics::Module] Name: PhysX
[Physics::Module] Id: 0xf2b8ea05
[Physics::Module] SDK Version: 4.1.2
[Physics::Module] Integration Version: 1.0.0
[Physics::Module] Threading Mode: Multi-Threaded
Refreshing native plugins compatible for Editor in 54.81 ms, found 9 plugins.
Preloading 1 native plugins for Editor in 1.31 ms.
Initialize engine version: 6000.3.17f1 (cf0352b38e81)
[Subsystems] Discovering subsystems at path C:/Program Files/Unity/Hub/Editor/6000.3.17f1/Editor/Data/Resources/UnitySubsystems
[Subsystems] Discovering subsystems at path C:/Users/gimch/Documents/GitHub/HanessTest/My project/Assets
GfxDevice: creating device client; kGfxThreadingModeNonThreaded
d3d12: failed to query info queue interface (0x80004002).
Direct3D:
    Version:         Direct3D 12 [level 12.2]
    Renderer:        NVIDIA GeForce RTX 3060 (ID=0x2504)
    Vendor:          NVIDIA
    VRAM:            12115 MB
    App VRAM Budget: 11347 MB
    Driver:          32.0.15.6094
Initialize mono
Mono path[0] = 'C:/Program Files/Unity/Hub/Editor/6000.3.17f1/Editor/Data/Managed'
Mono path[1] = 'C:/Program Files/Unity/Hub/Editor/6000.3.17f1/Editor/Data/MonoBleedingEdge/lib/mono/unityjit-win32'
Mono config path = 'C:/Program Files/Unity/Hub/Editor/6000.3.17f1/Editor/Data/MonoBleedingEdge/etc'
Using monoOptions --debugger-agent=transport=dt_socket,embedding=1,server=y,suspend=n,address=127.0.0.1:56464
Begin MonoManager ReloadAssembly
Registering precompiled unity dll's ...
Register platform support module: C:/Program Files/Unity/Hub/Editor/6000.3.17f1/Editor/Data/PlaybackEngines/WindowsStandaloneSupport/UnityEditor.WindowsStandalone.Extensions.dll
[Licensing::Module] Licensing is not yet initialized.
[Licensing::Client] Error: HandshakeResponse reported an error:
	ResponseCode: 505
	ResponseStatus: Unsupported protocol version '1.18.1'.
[Licensing::Module] Error: Failed to handshake to channel: "LicenseClient-gimch"
[Licensing::IpcConnector] LicenseClient-gimch channel disconnected successfully.
[Licensing::IpcConnector] Successfully connected to: "LicenseClient-gimch-6000.3.17" at "2026-09-30T14:35:11.5175656Z"
[Licensing::Client] Code 10 while verifying Licensing Client signature (process Id: 17076, path: "C:/Program Files/Unity/Hub/Editor/6000.3.17f1/Editor/Data/Resources/Licensing/Client/Unity.Licensing.Client.exe")
[Licensing::Module] LicensingClient has failed validation; ignoring
[Licensing::Client] Handshaking with LicensingClient:
  Version:                 1.18.1+9fbee8e
  Session Id:              56f50ba6fdc9450f913a59352f2fa9bf
  Correlation Id:          87d44e3b621c466e083af483a6a21302
  External correlation Id: 4618408997092583797
  Machine Id:              KrNS+X8tESWlg/RUg6sq3F0RFxo=
[Licensing::Module] Successfully connected to LicensingClient on channel: "LicenseClient-gimch-6000.3.17" (connect: 0.00s, validation: 0.00s, handshake: 0.01s)
[Licensing::IpcConnector] Successfully connected to: "LicenseClient-gimch-6000.3.17-notifications" at "2026-09-30T14:35:11.5269178Z"
[Licensing::Module] Licensing Background thread has ended after 2.32s
[Licensing::Module] Licensing is initialized (took 0.90s).
[Licensing::Client] Successfully resolved entitlement details
[Licensing::Module] License group:
  Id: 14568713557572-UnityPersXXXX
  Product: Unity Personal
  Type: Assigned
  Expiration: Unlimited
Register platform support module: C:/Program Files/Unity/Hub/Editor/6000.3.17f1/Editor/Data/PlaybackEngines/AndroidPlayer/UnityEditor.Android.Extensions.dll
Registered in 0.905187 seconds.
- Loaded All Assemblies, in  1.419 seconds
Native extension for Android target not found
Native extension for WindowsStandalone target not found
Package Manager log level set to [2]
[Package Manager] Failed to launch server process. Reason: Unity was launched with the -noUpm command-line argument
[Package Manager] Unable to send message (not connected to server process).
[Package Manager] Cannot connect to Unity Package Manager local server
ScheduleIndexationOnStartup MainProcess:False IndexOnStartup:True
Mono: successfully reloaded assembly
- Finished resetting the current domain, in  0.402 seconds
Domain Reload Profiling: 1820ms
	BeginReloadAssembly (205ms)
		ExecutionOrderSort (0ms)
		DisableScriptedObjects (0ms)
		BackupInstance (0ms)
		ReleaseScriptingObjects (0ms)
		CreateAndSetChildDomain (1ms)
	RebuildCommonClasses (53ms)
	RebuildNativeTypeToScriptingClass (16ms)
	initialDomainReloadingComplete (957ms)
	LoadAllAssembliesAndSetupDomain (187ms)
		LoadAssemblies (203ms)
		RebuildTransferFunctionScriptingTraits (0ms)
		AnalyzeDomain (183ms)
			TypeCache.Refresh (181ms)
				TypeCache.ScanAssembly (168ms)
			BuildScriptInfoCaches (0ms)
			ResolveRequiredComponents (0ms)
	FinalizeReload (402ms)
		ReleaseScriptCaches (0ms)
		RebuildScriptCaches (0ms)
		SetupLoadedEditorAssemblies (366ms)
			LogAssemblyErrors (0ms)
			InitializePlatformSupportModulesInManaged (61ms)
			SetLoadedEditorAssemblies (4ms)
			BeforeProcessingInitializeOnLoad (80ms)
			ProcessInitializeOnLoadAttributes (133ms)
			ProcessInitializeOnLoadMethodAttributes (88ms)
			AfterProcessingInitializeOnLoad (0ms)
			EditorAssembliesLoaded (0ms)
		ExecutionOrderSort2 (0ms)
		AwakeInstancesAfterBackupRestoration (0ms)
========================================================================
Worker process is ready to serve import requests
Import Worker Mode flag is 0x00
Begin MonoManager ReloadAssembly
[Licensing::Client] Successfully resolved entitlement details
Symbol file LoadedFromMemory is not a mono symbol file
- Loaded All Assemblies, in  1.870 seconds
Refreshing native plugins compatible for Editor in 24.54 ms, found 9 plugins.
Native extension for Android target not found
Native extension for WindowsStandalone target not found
[Package Manager] Failed to launch server process. Reason: Unity was launched with the -noUpm command-line argument
[Package Manager] Unable to send message (not connected to server process).
[Package Manager] Cannot connect to Unity Package Manager local server
Refreshing native plugins compatible for Editor in 15.21 ms, found 9 plugins.
[Package Manager] Failed to launch server process. Reason: Unity was launched with the -noUpm command-line argument
[Package Manager] Unable to send message (not connected to server process).
[Package Manager] Cannot connect to Unity Package Manager local server
System.Exception: Error! Visual Scripting: couldn't find visual scripting package
  at Unity.VisualScripting.PackageVersionUtility.get_version () [0x00043] in .\Library\PackageCache\com.unity.visualscripting@8bed5ad90189\Editor\VisualScripting.Core\Utilities\PackageVersionUtility.cs:31 
  at Unity.VisualScripting.BoltCoreManifest.get_version () [0x00000] in .\Library\PackageCache\com.unity.visualscripting@8bed5ad90189\Editor\VisualScripting.Core\Plugin\BoltCoreManifest.cs:11 
  at Unity.VisualScripting.PluginManifest.get_currentVersion () [0x00000] in .\Library\PackageCache\com.unity.visualscripting@8bed5ad90189\Editor\VisualScripting.Core\Plugins\PluginManifest.cs:33 
  at Unity.VisualScripting.PluginManifest.get_versionMismatch () [0x00000] in .\Library\PackageCache\com.unity.visualscripting@8bed5ad90189\Editor\VisualScripting.Core\Plugins\PluginManifest.cs:48 
  at Unity.VisualScripting.PluginContainer.Initialize () [0x00525] in .\Library\PackageCache\com.unity.visualscripting@8bed5ad90189\Editor\VisualScripting.Core\Plugins\PluginContainer.cs:208 
  at Unity.VisualScripting.PluginContainer.InitializeOnLoad () [0x00009] in .\Library\PackageCache\com.unity.visualscripting@8bed5ad90189\Editor\VisualScripting.Core\Plugins\PluginContainer.cs:32 
  at Unity.VisualScripting.VSUsageUtility.DoInitializeOnLoadCalls () [0x00034] in .\Library\PackageCache\com.unity.visualscripting@8bed5ad90189\Editor\VisualScripting.Core\Utilities\VSUsageUtility.cs:76 
  at Unity.VisualScripting.VSUsageUtility.set_isVisualScriptingUsed (System.Boolean value) [0x0002c] in .\Library\PackageCache\com.unity.visualscripting@8bed5ad90189\Editor\VisualScripting.Core\Utilities\VSUsageUtility.cs:114 
  at Unity.VisualScripting.VSUsageUtility.CheckAndSetIsVisualScriptingUsed () [0x00032] in .\Library\PackageCache\com.unity.visualscripting@8bed5ad90189\Editor\VisualScripting.Core\Utilities\VSUsageUtility.cs:48 
  at Unity.VisualScripting.VSUsageUtility..cctor () [0x00000] in .\Library\PackageCache\com.unity.visualscripting@8bed5ad90189\Editor\VisualScripting.Core\Utilities\VSUsageUtility.cs:22 
UnityEngine.Debug:ExtractStackTraceNoAlloc (byte*,int,string)
UnityEngine.StackTraceUtility:ExtractStackTrace ()
UnityEngine.DebugLogHandler:Internal_Log (UnityEngine.LogType,UnityEngine.LogOption,string,UnityEngine.Object)
UnityEngine.DebugLogHandler:LogFormat (UnityEngine.LogType,UnityEngine.Object,string,object[])
UnityEngine.Logger:Log (UnityEngine.LogType,object)
UnityEngine.Debug:LogError (object)
UnityEditor.EditorAssemblies:ProcessInitializeOnLoadAttributes (System.Type[])

ScheduleIndexationOnStartup MainProcess:False IndexOnStartup:True
Mono: successfully reloaded assembly
- Finished resetting the current domain, in  2.381 seconds
Domain Reload Profiling: 4238ms
	BeginReloadAssembly (201ms)
		ExecutionOrderSort (0ms)
		DisableScriptedObjects (9ms)
		BackupInstance (0ms)
		ReleaseScriptingObjects (0ms)
		CreateAndSetChildDomain (31ms)
	RebuildCommonClasses (42ms)
	RebuildNativeTypeToScriptingClass (12ms)
	initialDomainReloadingComplete (49ms)
	LoadAllAssembliesAndSetupDomain (1552ms)
		LoadAssemblies (1041ms)
		RebuildTransferFunctionScriptingTraits (0ms)
		AnalyzeDomain (617ms)
			TypeCache.Refresh (417ms)
				TypeCache.ScanAssembly (377ms)
			BuildScriptInfoCaches (178ms)
			ResolveRequiredComponents (16ms)
	FinalizeReload (2383ms)
		ReleaseScriptCaches (0ms)
		RebuildScriptCaches (0ms)
		SetupLoadedEditorAssemblies (2090ms)
			LogAssemblyErrors (0ms)
			InitializePlatformSupportModulesInManaged (9ms)
			SetLoadedEditorAssemblies (7ms)
			BeforeProcessingInitializeOnLoad (298ms)
			ProcessInitializeOnLoadAttributes (1263ms)
			ProcessInitializeOnLoadMethodAttributes (507ms)
			AfterProcessingInitializeOnLoad (5ms)
			EditorAssembliesLoaded (1ms)
		ExecutionOrderSort2 (0ms)
		AwakeInstancesAfterBackupRestoration (7ms)
WARNING: Shader Unsupported: 'Spine/Outline/SkeletonGraphic' - All subshaders removed
WARNING: Shader Did you use #pragma only_renderers and omit this platform?
WARNING: Shader If subshaders removal was intentional, you may have forgotten turning Fallback off?
WARNING: Shader Unsupported: 'Spine/Outline/SkeletonGraphic' - All subshaders removed
WARNING: Shader Did you use #pragma only_renderers and omit this platform?
WARNING: Shader If subshaders removal was intentional, you may have forgotten turning Fallback off?
WARNING: Shader Unsupported: 'Spine/Outline/Special/Skeleton Grayscale' - All subshaders removed
WARNING: Shader Did you use #pragma only_renderers and omit this platform?
WARNING: Shader If subshaders removal was intentional, you may have forgotten turning Fallback off?
WARNING: Shader Unsupported: 'Spine/Outline/Special/Skeleton Grayscale' - All subshaders removed
WARNING: Shader Did you use #pragma only_renderers and omit this platform?
WARNING: Shader If subshaders removal was intentional, you may have forgotten turning Fallback off?
WARNING: Shader Unsupported: 'Spine/Outline/Sprite/Vertex Lit' - All subshaders removed
WARNING: Shader Did you use #pragma only_renderers and omit this platform?
WARNING: Shader If subshaders removal was intentional, you may have forgotten turning Fallback off?
WARNING: Shader Unsupported: 'Spine/Outline/Sprite/Vertex Lit' - All subshaders removed
WARNING: Shader Did you use #pragma only_renderers and omit this platform?
WARNING: Shader If subshaders removal was intentional, you may have forgotten turning Fallback off?
WARNING: Shader Unsupported: 'Spine/Outline/SkeletonGraphic Tint Black' - All subshaders removed
WARNING: Shader Did you use #pragma only_renderers and omit this platform?
WARNING: Shader If subshaders removal was intentional, you may have forgotten turning Fallback off?
WARNING: Shader Unsupported: 'Spine/Outline/SkeletonGraphic Tint Black' - All subshaders removed
WARNING: Shader Did you use #pragma only_renderers and omit this platform?
WARNING: Shader If subshaders removal was intentional, you may have forgotten turning Fallback off?
WARNING: Shader Unsupported: 'Spine/Outline/Skeleton Lit ZWrite' - All subshaders removed
WARNING: Shader Did you use #pragma only_renderers and omit this platform?
WARNING: Shader If subshaders removal was intentional, you may have forgotten turning Fallback off?
WARNING: Shader Unsupported: 'Spine/Outline/Skeleton Lit ZWrite' - All subshaders removed
WARNING: Shader Did you use #pragma only_renderers and omit this platform?
WARNING: Shader If subshaders removal was intentional, you may have forgotten turning Fallback off?
WARNING: Shader Unsupported: 'Spine/Outline/Skeleton Fill' - All subshaders removed
WARNING: Shader Did you use #pragma only_renderers and omit this platform?
WARNING: Shader If subshaders removal was intentional, you may have forgotten turning Fallback off?
WARNING: Shader Unsupported: 'Spine/Outline/Skeleton Fill' - All subshaders removed
WARNING: Shader Did you use #pragma only_renderers and omit this platform?
WARNING: Shader If subshaders removal was intentional, you may have forgotten turning Fallback off?
WARNING: Shader Unsupported: 'Spine/Outline/Blend Modes/Skeleton PMA Additive' - All subshaders removed
WARNING: Shader Did you use #pragma only_renderers and omit this platform?
WARNING: Shader If subshaders removal was intentional, you may have forgotten turning Fallback off?
WARNING: Shader Unsupported: 'Spine/Outline/Blend Modes/Skeleton PMA Additive' - All subshaders removed
WARNING: Shader Did you use #pragma only_renderers and omit this platform?
WARNING: Shader If subshaders removal was intentional, you may have forgotten turning Fallback off?
WARNING: Shader Unsupported: 'Spine/Outline/Skeleton Lit' - All subshaders removed
WARNING: Shader Did you use #pragma only_renderers and omit this platform?
WARNING: Shader If subshaders removal was intentional, you may have forgotten turning Fallback off?
WARNING: Shader Unsupported: 'Spine/Outline/Skeleton Lit' - All subshaders removed
WARNING: Shader Did you use #pragma only_renderers and omit this platform?
WARNING: Shader If subshaders removal was intentional, you may have forgotten turning Fallback off?
WARNING: Shader Unsupported: 'Spine/Outline/Sprite/Unlit' - All subshaders removed
WARNING: Shader Did you use #pragma only_renderers and omit this platform?
WARNING: Shader If subshaders removal was intentional, you may have forgotten turning Fallback off?
WARNING: Shader Unsupported: 'Spine/Outline/Sprite/Unlit' - All subshaders removed
WARNING: Shader Did you use #pragma only_renderers and omit this platform?
WARNING: Shader If subshaders removal was intentional, you may have forgotten turning Fallback off?
WARNING: Shader Unsupported: 'Spine/Outline/Skeleton Tint' - All subshaders removed
WARNING: Shader Did you use #pragma only_renderers and omit this platform?
WARNING: Shader If subshaders removal was intentional, you may have forgotten turning Fallback off?
WARNING: Shader Unsupported: 'Spine/Outline/Skeleton Tint' - All subshaders removed
WARNING: Shader Did you use #pragma only_renderers and omit this platform?
WARNING: Shader If subshaders removal was intentional, you may have forgotten turning Fallback off?
WARNING: Shader Unsupported: 'Spine/Outline/Sprite/Pixel Lit' - All subshaders removed
WARNING: Shader Did you use #pragma only_renderers and omit this platform?
WARNING: Shader If subshaders removal was intentional, you may have forgotten turning Fallback off?
WARNING: Shader Unsupported: 'Spine/Outline/Sprite/Pixel Lit' - All subshaders removed
WARNING: Shader Did you use #pragma only_renderers and omit this platform?
WARNING: Shader If subshaders removal was intentional, you may have forgotten turning Fallback off?
WARNING: Shader Unsupported: 'Spine/Outline/Skeleton' - All subshaders removed
WARNING: Shader Did you use #pragma only_renderers and omit this platform?
WARNING: Shader If subshaders removal was intentional, you may have forgotten turning Fallback off?
WARNING: Shader Unsupported: 'Spine/Outline/Skeleton' - All subshaders removed
WARNING: Shader Did you use #pragma only_renderers and omit this platform?
WARNING: Shader If subshaders removal was intentional, you may have forgotten turning Fallback off?
WARNING: Shader Unsupported: 'Spine/Outline/Blend Modes/Skeleton PMA Screen' - All subshaders removed
WARNING: Shader Did you use #pragma only_renderers and omit this platform?
WARNING: Shader If subshaders removal was intentional, you may have forgotten turning Fallback off?
WARNING: Shader Unsupported: 'Spine/Outline/Blend Modes/Skeleton PMA Screen' - All subshaders removed
WARNING: Shader Did you use #pragma only_renderers and omit this platform?
WARNING: Shader If subshaders removal was intentional, you may have forgotten turning Fallback off?
WARNING: Shader Unsupported: 'Spine/Outline/Skeleton Tint Black' - All subshaders removed
WARNING: Shader Did you use #pragma only_renderers and omit this platform?
WARNING: Shader If subshaders removal was intentional, you may have forgotten turning Fallback off?
WARNING: Shader Unsupported: 'Spine/Outline/Skeleton Tint Black' - All subshaders removed
WARNING: Shader Did you use #pragma only_renderers and omit this platform?
WARNING: Shader If subshaders removal was intentional, you may have forgotten turning Fallback off?
WARNING: Shader Unsupported: 'Spine/Outline/Blend Modes/Skeleton PMA Multiply' - All subshaders removed
WARNING: Shader Did you use #pragma only_renderers and omit this platform?
WARNING: Shader If subshaders removal was intentional, you may have forgotten turning Fallback off?
WARNING: Shader Unsupported: 'Spine/Outline/Blend Modes/Skeleton PMA Multiply' - All subshaders removed
WARNING: Shader Did you use #pragma only_renderers and omit this platform?
WARNING: Shader If subshaders removal was intentional, you may have forgotten turning Fallback off?
Launched and connected shader compiler UnityShaderCompiler.exe after 0.02 seconds
Refreshing native plugins compatible for Editor in 24.29 ms, found 9 plugins.
Preloading 1 native plugins for Editor in 0.10 ms.
Unloading 31 Unused Serialized files (Serialized files now loaded: 0)
Unloading 11476 unused Assets / (10.7 MB). Loaded Objects now: 12340.
Memory consumption went from 224.1 MB to 213.4 MB.
Total: 34.500300 ms (FindLiveObjects: 6.240400 ms CreateObjectMapping: 1.349900 ms MarkObjects: 19.721300 ms  DeleteObjects: 7.186700 ms)

========================================================================
Received Import Request.
  Time since last request: 8061.320985 seconds.
  path: Assets/Scenes/GachaScene.unity
  artifactKey: Guid(1a0d703afd99b0d47877f2007384a273) Importer(815301076,1909f56bfc062723c751e8b465ee728b)
Start importing Assets/Scenes/GachaScene.unity using Guid(1a0d703afd99b0d47877f2007384a273) Importer(815301076,1909f56bfc062723c751e8b465ee728b) (PreviewImporter) -> (artifact id: '2840591057651bc0a375991d805a8a1e') in 0.0115499 seconds
Number of updated asset objects reloaded before import = 0Number of asset objects unloaded after import = 0

========================================================================
Received Import Request.
  Time since last request: 0.000025 seconds.
  path: Assets/Scripts/UI/Entity/DamageFont/DamageFont.cs
  artifactKey: Guid(1bb4626bc9da3754c811be10e85c3b63) Importer(2089858483,b0f066a214c2f5e87bad3c948f4d605d)
Start importing Assets/Scripts/UI/Entity/DamageFont/DamageFont.cs using Guid(1bb4626bc9da3754c811be10e85c3b63) Importer(2089858483,b0f066a214c2f5e87bad3c948f4d605d) (ScriptedImporter) -> (artifact id: 'd54666a940d47eaa4d7858afddeb16ec') in 0.0865376 seconds
Number of updated asset objects reloaded before import = 0Number of asset objects unloaded after import = 0

========================================================================
Received Import Request.
  Time since last request: 0.000033 seconds.
  path: Assets/Matrial/Custom_TestShader.mat
  artifactKey: Guid(2e7c608a253a0ce42aa6ba8271afb7e5) Importer(2089858483,b0f066a214c2f5e87bad3c948f4d605d)
Start importing Assets/Matrial/Custom_TestShader.mat using Guid(2e7c608a253a0ce42aa6ba8271afb7e5) Importer(2089858483,b0f066a214c2f5e87bad3c948f4d605d) (ScriptedImporter) -> (artifact id: '96553cab49f4f120c62dbca538cb163d') in 0.0423863 seconds
Number of updated asset objects reloaded before import = 0Number of asset objects unloaded after import = 2

========================================================================
Received Import Request.
  Time since last request: 55.340819 seconds.
  path: Assets/Effect/Eric VFX Studio/Free Game VFX/Prefab/Mesh
  artifactKey: Guid(a4afa80141043494c866ca3baa6e6c32) Importer(2089858483,b0f066a214c2f5e87bad3c948f4d605d)
Start importing Assets/Effect/Eric VFX Studio/Free Game VFX/Prefab/Mesh using Guid(a4afa80141043494c866ca3baa6e6c32) Importer(2089858483,b0f066a214c2f5e87bad3c948f4d605d) (ScriptedImporter) -> (artifact id: 'e5a3ba5987524042b469a30e295aefd0') in 0.0133672 seconds
Number of updated asset objects reloaded before import = 0Number of asset objects unloaded after import = 1

========================================================================
Received Import Request.
  Time since last request: 0.000020 seconds.
  path: Assets/Effect/Eric VFX Studio/Free Game VFX/Prefab/FX_Fireball.prefab
  artifactKey: Guid(eccbc655050af0b4f81d8db39f84a58e) Importer(2089858483,b0f066a214c2f5e87bad3c948f4d605d)
Start importing Assets/Effect/Eric VFX Studio/Free Game VFX/Prefab/FX_Fireball.prefab using Guid(eccbc655050af0b4f81d8db39f84a58e) Importer(2089858483,b0f066a214c2f5e87bad3c948f4d605d) (ScriptedImporter) -> (artifact id: '49dd640358d0304f2987634f6e044cc7') in 0.1134501 seconds
Number of updated asset objects reloaded before import = 0Number of asset objects unloaded after import = 50

========================================================================
Received Import Request.
  Time since last request: 0.000032 seconds.
  path: Assets/Effect/Eric VFX Studio/Free Game VFX/Prefab/Mesh/Pike.prefab
  artifactKey: Guid(5276a8e23aa64934a9484abebca7f7bb) Importer(2089858483,b0f066a214c2f5e87bad3c948f4d605d)
Start importing Assets/Effect/Eric VFX Studio/Free Game VFX/Prefab/Mesh/Pike.prefab using Guid(5276a8e23aa64934a9484abebca7f7bb) Importer(2089858483,b0f066a214c2f5e87bad3c948f4d605d) (ScriptedImporter) -> (artifact id: '94f21e86c49e0d9a538ffd4a5a587234') in 0.0315024 seconds
Number of updated asset objects reloaded before import = 0Number of asset objects unloaded after import = 16

========================================================================
Received Import Request.
  Time since last request: 0.000018 seconds.
  path: Assets/Effect/Eric VFX Studio/Resource/Textures/glow_point2_purple.png
  artifactKey: Guid(f0e51d78cba9a154f9d97efb4b55654c) Importer(2089858483,b0f066a214c2f5e87bad3c948f4d605d)
Start importing Assets/Effect/Eric VFX Studio/Resource/Textures/glow_point2_purple.png using Guid(f0e51d78cba9a154f9d97efb4b55654c) Importer(2089858483,b0f066a214c2f5e87bad3c948f4d605d) (ScriptedImporter)[Licensing::Client] Successfully resolved entitlement details
 -> (artifact id: '9bc1e92fbbca120eadde69df94b54783') in 0.0418383 seconds
Number of updated asset objects reloaded before import = 0Number of asset objects unloaded after import = 1

========================================================================
Received Import Request.
  Time since last request: 0.000019 seconds.
  path: Assets/Effect/Eric VFX Studio/Resource/Textures/lightning01_02.png
  artifactKey: Guid(3287756695ff2a9428a49ebd0e59ecab) Importer(2089858483,b0f066a214c2f5e87bad3c948f4d605d)
Start importing Assets/Effect/Eric VFX Studio/Resource/Textures/lightning01_02.png using Guid(3287756695ff2a9428a49ebd0e59ecab) Importer(2089858483,b0f066a214c2f5e87bad3c948f4d605d) (ScriptedImporter) -> (artifact id: '627e17493522ea802fb1a9cbeca84645') in 0.0175541 seconds
Number of updated asset objects reloaded before import = 0Number of asset objects unloaded after import = 1

========================================================================
Received Import Request.
  Time since last request: 0.000024 seconds.
  path: Assets/Effect/Eric VFX Studio/Free Game VFX/Scene/Free Game VFX.unity
  artifactKey: Guid(5a8a9da776b760644a757033d088c426) Importer(2089858483,b0f066a214c2f5e87bad3c948f4d605d)
Start importing Assets/Effect/Eric VFX Studio/Free Game VFX/Scene/Free Game VFX.unity using Guid(5a8a9da776b760644a757033d088c426) Importer(2089858483,b0f066a214c2f5e87bad3c948f4d605d) (ScriptedImporter) -> (artifact id: '4e729a53137176b380be78646b84b812') in 0.0155335 seconds
Number of updated asset objects reloaded before import = 0Number of asset objects unloaded after import = 1

========================================================================
Received Import Request.
  Time since last request: 0.000027 seconds.
  path: Assets/Effect/Eric VFX Studio/Resource/Materials/FX_smoke_02.mat
  artifactKey: Guid(07721ce2de6bff445935e700dd091849) Importer(2089858483,b0f066a214c2f5e87bad3c948f4d605d)
Start importing Assets/Effect/Eric VFX Studio/Resource/Materials/FX_smoke_02.mat using Guid(07721ce2de6bff445935e700dd091849) Importer(2089858483,b0f066a214c2f5e87bad3c948f4d605d) (ScriptedImporter) -> (artifact id: 'a17113ba7c673f352f15e705a60f9bc6') in 0.0214506 seconds
Number of updated asset objects reloaded before import = 0Number of asset objects unloaded after import = 2

========================================================================
Received Import Request.
  Time since last request: 0.000021 seconds.
  path: Assets/Effect/Eric VFX Studio/Resource/Materials/hit_02.mat
  artifactKey: Guid(8e79a5b5b1eec594f8a51681f20700b4) Importer(2089858483,b0f066a214c2f5e87bad3c948f4d605d)
Start importing Assets/Effect/Eric VFX Studio/Resource/Materials/hit_02.mat using Guid(8e79a5b5b1eec594f8a51681f20700b4) Importer(2089858483,b0f066a214c2f5e87bad3c948f4d605d) (ScriptedImporter) -> (artifact id: '149f64938221376575de9b75b3eb7658') in 0.0172233 seconds
Number of updated asset objects reloaded before import = 0Number of asset objects unloaded after import = 2

========================================================================
Received Import Request.
  Time since last request: 0.000037 seconds.
  path: Assets/Effect/Eric VFX Studio/Resource/Textures/A35.png
  artifactKey: Guid(acbb6ee94ea96f449b0c62cacb2c847f) Importer(2089858483,b0f066a214c2f5e87bad3c948f4d605d)
Start importing Assets/Effect/Eric VFX Studio/Resource/Textures/A35.png using Guid(acbb6ee94ea96f449b0c62cacb2c847f) Importer(2089858483,b0f066a214c2f5e87bad3c948f4d605d) (ScriptedImporter) -> (artifact id: '02783c624708e1d0e1ee2712adaa22c8') in 0.0192564 seconds
Number of updated asset objects reloaded before import = 0Number of asset objects unloaded after import = 1

========================================================================
Received Import Request.
  Time since last request: 0.000018 seconds.
  path: Assets/Effect/Eric VFX Studio/Free Game VFX/Prefab/FX_Orange_Slash_1.prefab
  artifactKey: Guid(8f767d0b23c8e3b4cb2ead5380b1074d) Importer(2089858483,b0f066a214c2f5e87bad3c948f4d605d)
Start importing Assets/Effect/Eric VFX Studio/Free Game VFX/Prefab/FX_Orange_Slash_1.prefab using Guid(8f767d0b23c8e3b4cb2ead5380b1074d) Importer(2089858483,b0f066a214c2f5e87bad3c948f4d605d) (ScriptedImporter) -> (artifact id: '85aad0543871c8d42214e31c3ddfd74c') in 0.032034 seconds
Number of updated asset objects reloaded before import = 0Number of asset objects unloaded after import = 27

========================================================================
Received Import Request.
  Time since last request: 0.000024 seconds.
  path: Assets/Effect/Eric VFX Studio/Free Game VFX/Prefab/FX_Purple_Hit_02.prefab
  artifactKey: Guid(a2ccf81a1d5b163448ebdf66b5e746d6) Importer(2089858483,b0f066a214c2f5e87bad3c948f4d605d)
Start importing Assets/Effect/Eric VFX Studio/Free Game VFX/Prefab/FX_Purple_Hit_02.prefab using Guid(a2ccf81a1d5b163448ebdf66b5e746d6) Importer(2089858483,b0f066a214c2f5e87bad3c948f4d605d) (ScriptedImporter) -> (artifact id: '33b2f98c2aea74888751807e76dd2982') in 0.0323896 seconds
Number of updated asset objects reloaded before import = 0Number of asset objects unloaded after import = 38

========================================================================
Received Import Request.
  Time since last request: 0.000027 seconds.
  path: Assets/Effect/Eric VFX Studio/Resource/Materials/sd_21a_9.mat
  artifactKey: Guid(23baf6faf1ffbb3499ccb0a0b67ba400) Importer(2089858483,b0f066a214c2f5e87bad3c948f4d605d)
Start importing Assets/Effect/Eric VFX Studio/Resource/Materials/sd_21a_9.mat using Guid(23baf6faf1ffbb3499ccb0a0b67ba400) Importer(2089858483,b0f066a214c2f5e87bad3c948f4d605d) (ScriptedImporter) -> (artifact id: '8e1c4484cbf369855bd4d11c1eec7c57') in 0.0136107 seconds
Number of updated asset objects reloaded before import = 0Number of asset objects unloaded after import = 2

========================================================================
Received Import Request.
  Time since last request: 0.000013 seconds.
  path: Assets/Effect/Eric VFX Studio/Resource/Textures/alpha_ball2.png
  artifactKey: Guid(d093f0a980913fc4fa9d87cb015033a9) Importer(2089858483,b0f066a214c2f5e87bad3c948f4d605d)
Start importing Assets/Effect/Eric VFX Studio/Resource/Textures/alpha_ball2.png using Guid(d093f0a980913fc4fa9d87cb015033a9) Importer(2089858483,b0f066a214c2f5e87bad3c948f4d605d) (ScriptedImporter) -> (artifact id: '03e25c4c8e3515dcc6da2b3e22ed9860') in 0.015172 seconds
Number of updated asset objects reloaded before import = 0Number of asset objects unloaded after import = 1

========================================================================
Received Import Request.
  Time since last request: 0.000016 seconds.
  path: Assets/Effect/Eric VFX Studio/Resource/Materials/firerock 3.mat
  artifactKey: Guid(460addb3f248de24eb165c5e1513d342) Importer(2089858483,b0f066a214c2f5e87bad3c948f4d605d)
Start importing Assets/Effect/Eric VFX Studio/Resource/Materials/firerock 3.mat using Guid(460addb3f248de24eb165c5e1513d342) Importer(2089858483,b0f066a214c2f5e87bad3c948f4d605d) (ScriptedImporter) -> (artifact id: 'f5fb4f3035e9a5ff4f99c2295a69c8f6') in 0.0155769 seconds
Number of updated asset objects reloaded before import = 0Number of asset objects unloaded after import = 2

========================================================================
Received Import Request.
  Time since last request: 0.000013 seconds.
  path: Assets/Effect/Eric VFX Studio/Resource/Textures/dust54.png
  artifactKey: Guid(ab81cb419fb372c44821955b211d97e0) Importer(2089858483,b0f066a214c2f5e87bad3c948f4d605d)
Start importing Assets/Effect/Eric VFX Studio/Resource/Textures/dust54.png using Guid(ab81cb419fb372c44821955b211d97e0) Importer(2089858483,b0f066a214c2f5e87bad3c948f4d605d) (ScriptedImporter) -> (artifact id: '545e5a4e92a8be84a7b8ef5f67d7f046') in 0.0148778 seconds
Number of updated asset objects reloaded before import = 0Number of asset objects unloaded after import = 1

========================================================================
Received Import Request.
  Time since last request: 0.000013 seconds.
  path: Assets/Effect/Eric VFX Studio/Resource/Materials/Sheet_purple_W01.mat
  artifactKey: Guid(73324bb07d57d6048854cd44f9a645dc) Importer(2089858483,b0f066a214c2f5e87bad3c948f4d605d)
Start importing Assets/Effect/Eric VFX Studio/Resource/Materials/Sheet_purple_W01.mat using Guid(73324bb07d57d6048854cd44f9a645dc) Importer(2089858483,b0f066a214c2f5e87bad3c948f4d605d) (ScriptedImporter) -> (artifact id: '738ddb9992d581434c2132dc1580f41d') in 0.0162311 seconds
Number of updated asset objects reloaded before import = 0Number of asset objects unloaded after import = 2

========================================================================
Received Import Request.
  Time since last request: 0.000026 seconds.
  path: Assets/Effect/Eric VFX Studio/Free Game VFX/Prefab/Mesh/Eric_PlaneDownCenter2.prefab
  artifactKey: Guid(00856f9688cc65449a1a3ca84daabd26) Importer(2089858483,b0f066a214c2f5e87bad3c948f4d605d)
Start importing Assets/Effect/Eric VFX Studio/Free Game VFX/Prefab/Mesh/Eric_PlaneDownCenter2.prefab using Guid(00856f9688cc65449a1a3ca84daabd26) Importer(2089858483,b0f066a214c2f5e87bad3c948f4d605d) (ScriptedImporter) -> (artifact id: '886e8e553eb2f1bac22b917ec1698299') in 0.0147754 seconds
Number of updated asset objects reloaded before import = 0Number of asset objects unloaded after import = 13

========================================================================
Received Import Request.
  Time since last request: 0.000032 seconds.
  path: Assets/Effect/Eric VFX Studio/Resource/Materials/alpha_ball4.mat
  artifactKey: Guid(faa51b0c7683cee4787afcbf1ce0c66d) Importer(2089858483,b0f066a214c2f5e87bad3c948f4d605d)
Start importing Assets/Effect/Eric VFX Studio/Resource/Materials/alpha_ball4.mat using Guid(faa51b0c7683cee4787afcbf1ce0c66d) Importer(2089858483,b0f066a214c2f5e87bad3c948f4d605d) (ScriptedImporter) -> (artifact id: 'b75a48e71bcafd333189d6c3b5166c88') in 0.0143237 seconds
Number of updated asset objects reloaded before import = 0Number of asset objects unloaded after import = 2

========================================================================
Received Import Request.
  Time since last request: 0.000016 seconds.
  path: Assets/Effect/Eric VFX Studio/Resource/Materials/glow_ball2_grey_5.mat
  artifactKey: Guid(8648327e59b7b4249b1d35f7672ecd4b) Importer(2089858483,b0f066a214c2f5e87bad3c948f4d605d)
Start importing Assets/Effect/Eric VFX Studio/Resource/Materials/glow_ball2_grey_5.mat using Guid(8648327e59b7b4249b1d35f7672ecd4b) Importer(2089858483,b0f066a214c2f5e87bad3c948f4d605d) (ScriptedImporter) -> (artifact id: 'c05589d140cc33d6a9190d1010884a97') in 0.0137419 seconds
Number of updated asset objects reloaded before import = 0Number of asset objects unloaded after import = 2

========================================================================
Received Import Request.
  Time since last request: 0.000018 seconds.
  path: Assets/Effect/Eric VFX Studio/Resource/Textures/stone03.png
  artifactKey: Guid(62fb58fc8f134124192b05d1e04c9ff7) Importer(2089858483,b0f066a214c2f5e87bad3c948f4d605d)
Start importing Assets/Effect/Eric VFX Studio/Resource/Textures/stone03.png using Guid(62fb58fc8f134124192b05d1e04c9ff7) Importer(2089858483,b0f066a214c2f5e87bad3c948f4d605d) (ScriptedImporter) -> (artifact id: '76c8a5b04ad3d1fa4d122254f7488d9c') in 0.0198022 seconds
Number of updated asset objects reloaded before import = 0Number of asset objects unloaded after import = 1

========================================================================
Received Import Request.
  Time since last request: 0.000021 seconds.
  path: Assets/Effect/Eric VFX Studio/Resource/Materials/glow_green3tail_2.mat
  artifactKey: Guid(d2ef3d4f7d0eb5e4183e8e60c2b7dacf) Importer(2089858483,b0f066a214c2f5e87bad3c948f4d605d)
Start importing Assets/Effect/Eric VFX Studio/Resource/Materials/glow_green3tail_2.mat using Guid(d2ef3d4f7d0eb5e4183e8e60c2b7dacf) Importer(2089858483,b0f066a214c2f5e87bad3c948f4d605d) (ScriptedImporter) -> (artifact id: '704e219eed7c3c2734a683e630526a37') in 0.0165112 seconds
Number of updated asset objects reloaded before import = 0Number of asset objects unloaded after import = 2

========================================================================
Received Import Request.
  Time since last request: 0.000022 seconds.
  path: Assets/Effect/Eric VFX Studio/Free Game VFX/Prefab/FX_Green_Hit.prefab
  artifactKey: Guid(fd25cbdb7c54fa4478d443fd2bea4ef1) Importer(2089858483,b0f066a214c2f5e87bad3c948f4d605d)
Start importing Assets/Effect/Eric VFX Studio/Free Game VFX/Prefab/FX_Green_Hit.prefab using Guid(fd25cbdb7c54fa4478d443fd2bea4ef1) Importer(2089858483,b0f066a214c2f5e87bad3c948f4d605d) (ScriptedImporter) -> (artifact id: '852a53efe4faf5f3b33b5452b174d115') in 0.025394 seconds
Number of updated asset objects reloaded before import = 0Number of asset objects unloaded after import = 22

========================================================================
Received Import Request.
  Time since last request: 0.000029 seconds.
  path: Assets/Effect/Eric VFX Studio/Free Game VFX/Prefab/FX_Magic Door_Gold.prefab
  artifactKey: Guid(86e6c7d81766295418601bcd9d9ae6b9) Importer(2089858483,b0f066a214c2f5e87bad3c948f4d605d)
Start importing Assets/Effect/Eric VFX Studio/Free Game VFX/Prefab/FX_Magic Door_Gold.prefab using Guid(86e6c7d81766295418601bcd9d9ae6b9) Importer(2089858483,b0f066a214c2f5e87bad3c948f4d605d) (ScriptedImporter) -> (artifact id: '0b2e26901d06afcbc49a3f8faba200c3') in 0.0295475 seconds
Number of updated asset objects reloaded before import = 0Number of asset objects unloaded after import = 27

========================================================================
Received Import Request.
  Time since last request: 0.000020 seconds.
  path: Assets/Effect/Eric VFX Studio/Resource/Materials/FlameDecal04.mat
  artifactKey: Guid(18d7379ccad32334a86e7ceac281537e) Importer(2089858483,b0f066a214c2f5e87bad3c948f4d605d)
Start importing Assets/Effect/Eric VFX Studio/Resource/Materials/FlameDecal04.mat using Guid(18d7379ccad32334a86e7ceac281537e) Importer(2089858483,b0f066a214c2f5e87bad3c948f4d605d) (ScriptedImporter) -> (artifact id: '9b055fd1e970f73364aef9d84d3dbc7a') in 0.0139642 seconds
Number of updated asset objects reloaded before import = 0Number of asset objects unloaded after import = 2

========================================================================
Received Import Request.
  Time since last request: 0.000019 seconds.
  path: Assets/Effect/Eric VFX Studio/Resource/Mesh/Summon_Cylinder01.FBX
  artifactKey: Guid(035eddf101dfab24d942909e3f92b0b6) Importer(2089858483,b0f066a214c2f5e87bad3c948f4d605d)
Start importing Assets/Effect/Eric VFX Studio/Resource/Mesh/Summon_Cylinder01.FBX using Guid(035eddf101dfab24d942909e3f92b0b6) Importer(2089858483,b0f066a214c2f5e87bad3c948f4d605d) (ScriptedImporter) -> (artifact id: '88a137fce0805096c7fd35045bd91dd2') in 0.036677 seconds
Number of updated asset objects reloaded before import = 0Number of asset objects unloaded after import = 7

========================================================================
Received Import Request.
  Time since last request: 0.000021 seconds.
  path: Assets/Effect/Eric VFX Studio/Resource/Textures/Fx_Rin022.png
  artifactKey: Guid(5d44ea4e18b650a4888b42a3c6cacf15) Importer(2089858483,b0f066a214c2f5e87bad3c948f4d605d)
Start importing Assets/Effect/Eric VFX Studio/Resource/Textures/Fx_Rin022.png using Guid(5d44ea4e18b650a4888b42a3c6cacf15) Importer(2089858483,b0f066a214c2f5e87bad3c948f4d605d) (ScriptedImporter) -> (artifact id: 'ed72a4a690b0cdd862748a5eb01ce3b3') in 0.0173561 seconds
Number of updated asset objects reloaded before import = 0Number of asset objects unloaded after import = 1

========================================================================
Received Import Request.
  Time since last request: 0.000019 seconds.
  path: Assets/Effect/Eric VFX Studio/Resource/Animator/FX_Weapon Effect.controller
  artifactKey: Guid(7383df45a82a92b4fae189af0807eb92) Importer(2089858483,b0f066a214c2f5e87bad3c948f4d605d)
Start importing Assets/Effect/Eric VFX Studio/Resource/Animator/FX_Weapon Effect.controller using Guid(7383df45a82a92b4fae189af0807eb92) Importer(2089858483,b0f066a214c2f5e87bad3c948f4d605d) (ScriptedImporter) -> (artifact id: '7651a789ed8760b67e00e1c9ee3f9755') in 0.0150614 seconds
Number of updated asset objects reloaded before import = 0Number of asset objects unloaded after import = 4

========================================================================
Received Import Request.
  Time since last request: 0.000028 seconds.
  path: Assets/Effect/Eric VFX Studio/Resource/Textures/FX_smoke_02.png
  artifactKey: Guid(e21dde067362ceb409fd29faa2f6ff5f) Importer(2089858483,b0f066a214c2f5e87bad3c948f4d605d)
Start importing Assets/Effect/Eric VFX Studio/Resource/Textures/FX_smoke_02.png using Guid(e21dde067362ceb409fd29faa2f6ff5f) Importer(2089858483,b0f066a214c2f5e87bad3c948f4d605d) (ScriptedImporter) -> (artifact id: 'ca4fd8df95c0876bbc5b3be13554c192') in 0.0145026 seconds
Number of updated asset objects reloaded before import = 0Number of asset objects unloaded after import = 1

========================================================================
Received Import Request.
  Time since last request: 0.000018 seconds.
  path: Assets/Effect/Eric VFX Studio/Resource/Materials/Glow_004.mat
  artifactKey: Guid(645618f1f8117b4438515ce6f935ca19) Importer(2089858483,b0f066a214c2f5e87bad3c948f4d605d)
Start importing Assets/Effect/Eric VFX Studio/Resource/Materials/Glow_004.mat using Guid(645618f1f8117b4438515ce6f935ca19) Importer(2089858483,b0f066a214c2f5e87bad3c948f4d605d) (ScriptedImporter) -> (artifact id: '87ff123259fcddf6f178ffa08f467052') in 0.013754 seconds
Number of updated asset objects reloaded before import = 0Number of asset objects unloaded after import = 2

========================================================================
Received Import Request.
  Time since last request: 0.000016 seconds.
  path: Assets/Effect/Eric VFX Studio/Resource/Textures/suipianlizi_001.png
  artifactKey: Guid(99f4a5d96ec04cd40b7012a1faef1012) Importer(2089858483,b0f066a214c2f5e87bad3c948f4d605d)
Start importing Assets/Effect/Eric VFX Studio/Resource/Textures/suipianlizi_001.png using Guid(99f4a5d96ec04cd40b7012a1faef1012) Importer(2089858483,b0f066a214c2f5e87bad3c948f4d605d) (ScriptedImporter) -> (artifact id: '2a731a3e302f21cdfb154350e9899027') in 0.0179143 seconds
Number of updated asset objects reloaded before import = 0Number of asset objects unloaded after import = 1

========================================================================
Received Import Request.
  Time since last request: 0.000018 seconds.
  path: Assets/Effect/Eric VFX Studio/Resource/Textures/Gradient_Beam_007.tga
  artifactKey: Guid(4bd566bde80d4c2438d179872ef27526) Importer(2089858483,b0f066a214c2f5e87bad3c948f4d605d)
Start importing Assets/Effect/Eric VFX Studio/Resource/Textures/Gradient_Beam_007.tga using Guid(4bd566bde80d4c2438d179872ef27526) Importer(2089858483,b0f066a214c2f5e87bad3c948f4d605d) (ScriptedImporter) -> (artifact id: '8120b58c48c7d65a05e21e2e4c1cfe20') in 0.0178002 seconds
Number of updated asset objects reloaded before import = 0Number of asset objects unloaded after import = 1

========================================================================
Received Import Request.
  Time since last request: 0.000029 seconds.
  path: Assets/Effect/Eric VFX Studio/Resource/Textures/tex_vfx-ult_particle_sprite_blurred 1.png
  artifactKey: Guid(7a778cc020435414280ff02ee9eef084) Importer(2089858483,b0f066a214c2f5e87bad3c948f4d605d)
Start importing Assets/Effect/Eric VFX Studio/Resource/Textures/tex_vfx-ult_particle_sprite_blurred 1.png using Guid(7a778cc020435414280ff02ee9eef084) Importer(2089858483,b0f066a214c2f5e87bad3c948f4d605d) (ScriptedImporter) -> (artifact id: '5a3be07ebe3f1e9260366c5cf1ce214e') in 0.0154242 seconds
Number of updated asset objects reloaded before import = 0Number of asset objects unloaded after import = 1

========================================================================
Received Import Request.
  Time since last request: 0.000030 seconds.
  path: Assets/Effect/Eric VFX Studio/Resource/Textures/trail_CPdr_Rm_01.png
  artifactKey: Guid(21bd66f97d8fe4144b7560e3cebd96da) Importer(2089858483,b0f066a214c2f5e87bad3c948f4d605d)
Start importing Assets/Effect/Eric VFX Studio/Resource/Textures/trail_CPdr_Rm_01.png using Guid(21bd66f97d8fe4144b7560e3cebd96da) Importer(2089858483,b0f066a214c2f5e87bad3c948f4d605d) (ScriptedImporter) -> (artifact id: 'feba5c33599ebec7af9f16396b0de767') in 0.0204948 seconds
Number of updated asset objects reloaded before import = 0Number of asset objects unloaded after import = 1

========================================================================
Received Import Request.
  Time since last request: 0.000015 seconds.
  path: Assets/Effect/Eric VFX Studio/Resource/Animator
  artifactKey: Guid(3dbed66566f46434fabd5278d7caa272) Importer(2089858483,b0f066a214c2f5e87bad3c948f4d605d)
Start importing Assets/Effect/Eric VFX Studio/Resource/Animator using Guid(3dbed66566f46434fabd5278d7caa272) Importer(2089858483,b0f066a214c2f5e87bad3c948f4d605d) (ScriptedImporter) -> (artifact id: 'd922100d2f395269b912c34a4474bcb2') in 0.013419 seconds
Number of updated asset objects reloaded before import = 0Number of asset objects unloaded after import = 1

========================================================================
Received Import Request.
  Time since last request: 0.000021 seconds.
  path: Assets/Effect/Eric VFX Studio/Resource/Mesh/Eric_PlaneDownCenter02.FBX
  artifactKey: Guid(ba1313827745717449ba745c097f3a43) Importer(2089858483,b0f066a214c2f5e87bad3c948f4d605d)
Start importing Assets/Effect/Eric VFX Studio/Resource/Mesh/Eric_PlaneDownCenter02.FBX using Guid(ba1313827745717449ba745c097f3a43) Importer(2089858483,b0f066a214c2f5e87bad3c948f4d605d) (ScriptedImporter) -> (artifact id: '8ed938677cc650fb8977d8e80b22e642') in 0.0188073 seconds
Number of updated asset objects reloaded before import = 0Number of asset objects unloaded after import = 7

========================================================================
Received Import Request.
  Time since last request: 0.000023 seconds.
  path: Assets/Effect/Eric VFX Studio/Resource/Materials/pd_07a_3.mat
  artifactKey: Guid(6b8910165cc7f954ea37b6fbbf6f5b9d) Importer(2089858483,b0f066a214c2f5e87bad3c948f4d605d)
Start importing Assets/Effect/Eric VFX Studio/Resource/Materials/pd_07a_3.mat using Guid(6b8910165cc7f954ea37b6fbbf6f5b9d) Importer(2089858483,b0f066a214c2f5e87bad3c948f4d605d) (ScriptedImporter) -> (artifact id: '86ce06d35ce655bc8cc253101a39ff66') in 0.0126837 seconds
Number of updated asset objects reloaded before import = 0Number of asset objects unloaded after import = 2

========================================================================
Received Import Request.
  Time since last request: 0.000019 seconds.
  path: Assets/Effect/Eric VFX Studio/Resource/Mesh/sphere_12pl.fbx
  artifactKey: Guid(4353d61d0f3b78746bc215f0db8cc961) Importer(2089858483,b0f066a214c2f5e87bad3c948f4d605d)
Start importing Assets/Effect/Eric VFX Studio/Resource/Mesh/sphere_12pl.fbx using Guid(4353d61d0f3b78746bc215f0db8cc961) Importer(2089858483,b0f066a214c2f5e87bad3c948f4d605d) (ScriptedImporter) -> (artifact id: '44b4125fdcbba14b2dd81ef6b9d21e1b') in 0.0252405 seconds
Number of updated asset objects reloaded before import = 0Number of asset objects unloaded after import = 8

========================================================================
Received Import Request.
  Time since last request: 0.000037 seconds.
  path: Assets/Effect/Eric VFX Studio/Resource/Textures/Radial Glow.png
  artifactKey: Guid(40307c7169d6da940aa38b86ea8e1d4a) Importer(2089858483,b0f066a214c2f5e87bad3c948f4d605d)
Start importing Assets/Effect/Eric VFX Studio/Resource/Textures/Radial Glow.png using Guid(40307c7169d6da940aa38b86ea8e1d4a) Importer(2089858483,b0f066a214c2f5e87bad3c948f4d605d) (ScriptedImporter) -> (artifact id: '43ebb040833b797435259faacd9653d3') in 0.0178112 seconds
Number of updated asset objects reloaded before import = 0Number of asset objects unloaded after import = 1

========================================================================
Received Import Request.
  Time since last request: 0.000013 seconds.
  path: Assets/Effect/Eric VFX Studio/Resource
  artifactKey: Guid(7e29f26cd95fac444a3448433e05530a) Importer(2089858483,b0f066a214c2f5e87bad3c948f4d605d)
Start importing Assets/Effect/Eric VFX Studio/Resource using Guid(7e29f26cd95fac444a3448433e05530a) Importer(2089858483,b0f066a214c2f5e87bad3c948f4d605d) (ScriptedImporter) -> (artifact id: 'c1f43460869217f8a64e2fa45d3f44b5') in 0.0122442 seconds
Number of updated asset objects reloaded before import = 0Number of asset objects unloaded after import = 1

========================================================================
Received Import Request.
  Time since last request: 0.000016 seconds.
  path: Assets/Effect/Eric VFX Studio/Resource/Textures/Background_paticle_purple_W01.png
  artifactKey: Guid(381a542bd3f47ac459d939f271f180ab) Importer(2089858483,b0f066a214c2f5e87bad3c948f4d605d)
Start importing Assets/Effect/Eric VFX Studio/Resource/Textures/Background_paticle_purple_W01.png using Guid(381a542bd3f47ac459d939f271f180ab) Importer(2089858483,b0f066a214c2f5e87bad3c948f4d605d) (ScriptedImporter) -> (artifact id: 'cd82caa34ced8a3b658721f4c6e91489') in 0.0144987 seconds
Number of updated asset objects reloaded before import = 0Number of asset objects unloaded after import = 1

========================================================================
Received Import Request.
  Time since last request: 0.000020 seconds.
  path: Assets/Effect/Eric VFX Studio/Resource/Materials/trail05.mat
  artifactKey: Guid(1e4ac2eaf996df74a91d77a926b54e00) Importer(2089858483,b0f066a214c2f5e87bad3c948f4d605d)
Start importing Assets/Effect/Eric VFX Studio/Resource/Materials/trail05.mat using Guid(1e4ac2eaf996df74a91d77a926b54e00) Importer(2089858483,b0f066a214c2f5e87bad3c948f4d605d) (ScriptedImporter) -> (artifact id: '9bb9eef4ca9b89e8ac31a83dd206ec7e') in 0.0156668 seconds
Number of updated asset objects reloaded before import = 0Number of asset objects unloaded after import = 2

========================================================================
Received Import Request.
  Time since last request: 60.380076 seconds.
  path: Assets/Effect/Eric VFX Studio/Free Game VFX/Prefab/FX_Fireball.prefab
  artifactKey: Guid(eccbc655050af0b4f81d8db39f84a58e) Importer(2089858483,b0f066a214c2f5e87bad3c948f4d605d)
Start importing Assets/Effect/Eric VFX Studio/Free Game VFX/Prefab/FX_Fireball.prefab using Guid(eccbc655050af0b4f81d8db39f84a58e) Importer(2089858483,b0f066a214c2f5e87bad3c948f4d605d) (ScriptedImporter) -> (artifact id: '2a8b2b2aad3f08f6df7927eb37ee960c') in 0.0440867 seconds
Number of updated asset objects reloaded before import = 0Number of asset objects unloaded after import = 51

========================================================================
Received Import Request.
  Time since last request: 0.000018 seconds.
  path: Assets/Effect/Eric VFX Studio/Free Game VFX/Prefab/FX_PinkCross_Up.prefab
  artifactKey: Guid(cd2a6771c578ec3478980c2e5a5f41ea) Importer(2089858483,b0f066a214c2f5e87bad3c948f4d605d)
Start importing Assets/Effect/Eric VFX Studio/Free Game VFX/Prefab/FX_PinkCross_Up.prefab using Guid(cd2a6771c578ec3478980c2e5a5f41ea) Importer(2089858483,b0f066a214c2f5e87bad3c948f4d605d) (ScriptedImporter) -> (artifact id: '99b3dab9626613631d75d918d98bac81') in 0.0311965 seconds
Number of updated asset objects reloaded before import = 0Number of asset objects unloaded after import = 36

========================================================================
Received Import Request.
  Time since last request: 0.000032 seconds.
  path: Assets/Effect/Eric VFX Studio/Free Game VFX/Prefab/FX_Magic Door_Gold.prefab
  artifactKey: Guid(86e6c7d81766295418601bcd9d9ae6b9) Importer(2089858483,b0f066a214c2f5e87bad3c948f4d605d)
Start importing Assets/Effect/Eric VFX Studio/Free Game VFX/Prefab/FX_Magic Door_Gold.prefab using Guid(86e6c7d81766295418601bcd9d9ae6b9) Importer(2089858483,b0f066a214c2f5e87bad3c948f4d605d) (ScriptedImporter) -> (artifact id: '8508235c597802638d1d39fa00550da8') in 0.0276385 seconds
Number of updated asset objects reloaded before import = 0Number of asset objects unloaded after import = 28

Editor requested this worker to shutdown with reason: Scaling down because of idle timeout
AssetImportWorker is now disconnected from the server
Process exiting
Exiting without the bug reporter. Application will terminate with return code 0